<?xml version="1.0"?>
<link_info>
   <banner>TI ARM Linker PC v5.2.5</banner>
   <copyright>Copyright (c) 1996-2015 Texas Instruments Incorporated</copyright>
   <link_time>0x5693de42</link_time>
   <link_errors>0x0</link_errors>
   <output_file>projector_clock.out</output_file>
   <entry_point>
      <name>_c_int00</name>
      <address>0x1929</address>
   </entry_point>
   <input_file_list>
      <input_file id="fl-2">
         <path>.\</path>
         <kind>object</kind>
         <file>main.obj</file>
         <name>main.obj</name>
      </input_file>
      <input_file id="fl-3">
         <path>.\source\</path>
         <kind>object</kind>
         <file>displayengine.obj</file>
         <name>displayengine.obj</name>
      </input_file>
      <input_file id="fl-6">
         <path>C:\Users\Sonu\workspace_v6_1\projector_clock\Debug\configPkg\package\cfg\</path>
         <kind>object</kind>
         <file>projector_clock_pem4f.oem4f</file>
         <name>projector_clock_pem4f.oem4f</name>
      </input_file>
      <input_file id="fl-e">
         <path>C:\ti\bios_6_45_00_20\packages\ti\catalog\arm\cortexm4\tiva\ce\lib\</path>
         <kind>archive</kind>
         <file>Boot.aem4f</file>
         <name>Boot.oem4f</name>
      </input_file>
      <input_file id="fl-f">
         <path>C:\ti\bios_6_45_00_20\packages\ti\catalog\arm\cortexm4\tiva\ce\lib\</path>
         <kind>archive</kind>
         <file>Boot.aem4f</file>
         <name>Boot_sysctl.oem4f</name>
      </input_file>
      <input_file id="fl-10">
         <path>C:\ti\bios_6_45_00_20\packages\ti\targets\arm\rtsarm\lib\</path>
         <kind>archive</kind>
         <file>ti.targets.arm.rtsarm.aem4f</file>
         <name>Assert.oem4f</name>
      </input_file>
      <input_file id="fl-11">
         <path>C:\ti\bios_6_45_00_20\packages\ti\targets\arm\rtsarm\lib\</path>
         <kind>archive</kind>
         <file>ti.targets.arm.rtsarm.aem4f</file>
         <name>Core-mem.oem4f</name>
      </input_file>
      <input_file id="fl-12">
         <path>C:\ti\bios_6_45_00_20\packages\ti\targets\arm\rtsarm\lib\</path>
         <kind>archive</kind>
         <file>ti.targets.arm.rtsarm.aem4f</file>
         <name>Core-smem.oem4f</name>
      </input_file>
      <input_file id="fl-13">
         <path>C:\ti\bios_6_45_00_20\packages\ti\targets\arm\rtsarm\lib\</path>
         <kind>archive</kind>
         <file>ti.targets.arm.rtsarm.aem4f</file>
         <name>Core-label.oem4f</name>
      </input_file>
      <input_file id="fl-14">
         <path>C:\ti\bios_6_45_00_20\packages\ti\targets\arm\rtsarm\lib\</path>
         <kind>archive</kind>
         <file>ti.targets.arm.rtsarm.aem4f</file>
         <name>Core-params.oem4f</name>
      </input_file>
      <input_file id="fl-15">
         <path>C:\ti\bios_6_45_00_20\packages\ti\targets\arm\rtsarm\lib\</path>
         <kind>archive</kind>
         <file>ti.targets.arm.rtsarm.aem4f</file>
         <name>Error.oem4f</name>
      </input_file>
      <input_file id="fl-16">
         <path>C:\ti\bios_6_45_00_20\packages\ti\targets\arm\rtsarm\lib\</path>
         <kind>archive</kind>
         <file>ti.targets.arm.rtsarm.aem4f</file>
         <name>Gate.oem4f</name>
      </input_file>
      <input_file id="fl-17">
         <path>C:\ti\bios_6_45_00_20\packages\ti\targets\arm\rtsarm\lib\</path>
         <kind>archive</kind>
         <file>ti.targets.arm.rtsarm.aem4f</file>
         <name>GateNull.oem4f</name>
      </input_file>
      <input_file id="fl-18">
         <path>C:\ti\bios_6_45_00_20\packages\ti\targets\arm\rtsarm\lib\</path>
         <kind>archive</kind>
         <file>ti.targets.arm.rtsarm.aem4f</file>
         <name>HeapStd.oem4f</name>
      </input_file>
      <input_file id="fl-19">
         <path>C:\ti\bios_6_45_00_20\packages\ti\targets\arm\rtsarm\lib\</path>
         <kind>archive</kind>
         <file>ti.targets.arm.rtsarm.aem4f</file>
         <name>Memory.oem4f</name>
      </input_file>
      <input_file id="fl-1a">
         <path>C:\ti\bios_6_45_00_20\packages\ti\targets\arm\rtsarm\lib\</path>
         <kind>archive</kind>
         <file>ti.targets.arm.rtsarm.aem4f</file>
         <name>Startup.oem4f</name>
      </input_file>
      <input_file id="fl-1b">
         <path>C:\ti\bios_6_45_00_20\packages\ti\targets\arm\rtsarm\lib\</path>
         <kind>archive</kind>
         <file>ti.targets.arm.rtsarm.aem4f</file>
         <name>System.oem4f</name>
      </input_file>
      <input_file id="fl-1c">
         <path>C:\ti\bios_6_45_00_20\packages\ti\targets\arm\rtsarm\lib\</path>
         <kind>archive</kind>
         <file>ti.targets.arm.rtsarm.aem4f</file>
         <name>SysMin.oem4f</name>
      </input_file>
      <input_file id="fl-1d">
         <path>C:\ti\bios_6_45_00_20\packages\ti\targets\arm\rtsarm\lib\</path>
         <kind>archive</kind>
         <file>ti.targets.arm.rtsarm.aem4f</file>
         <name>Text.oem4f</name>
      </input_file>
      <input_file id="fl-1e">
         <path>C:\ti\bios_6_45_00_20\packages\ti\targets\arm\rtsarm\lib\</path>
         <kind>archive</kind>
         <file>ti.targets.arm.rtsarm.aem4f</file>
         <name>xdc_noinit.oem4f</name>
      </input_file>
      <input_file id="fl-1f">
         <path>C:\ti\bios_6_45_00_20\packages\ti\targets\arm\rtsarm\lib\</path>
         <kind>archive</kind>
         <file>ti.targets.arm.rtsarm.aem4f</file>
         <name>Registry.oem4f</name>
      </input_file>
      <input_file id="fl-20">
         <path>C:\ti\bios_6_45_00_20\packages\ti\targets\arm\rtsarm\lib\</path>
         <kind>archive</kind>
         <file>boot.aem4f</file>
         <name>boot.oem4f</name>
      </input_file>
      <input_file id="fl-21">
         <path>C:\ti\bios_6_45_00_20\packages\ti\targets\arm\rtsarm\lib\</path>
         <kind>archive</kind>
         <file>auto_init.aem4f</file>
         <name>auto_init.oem4f</name>
      </input_file>
      <input_file id="fl-143">
         <path>C:\ti\ccsv6\tools\compiler\ti-cgt-arm_5.2.5\lib\</path>
         <kind>archive</kind>
         <file>rtsv7M4_T_le_v4SPD16_eabi.lib</file>
         <name>args_main.obj</name>
      </input_file>
      <input_file id="fl-144">
         <path>C:\ti\ccsv6\tools\compiler\ti-cgt-arm_5.2.5\lib\</path>
         <kind>archive</kind>
         <file>rtsv7M4_T_le_v4SPD16_eabi.lib</file>
         <name>copy_decompress_none.obj</name>
      </input_file>
      <input_file id="fl-145">
         <path>C:\ti\ccsv6\tools\compiler\ti-cgt-arm_5.2.5\lib\</path>
         <kind>archive</kind>
         <file>rtsv7M4_T_le_v4SPD16_eabi.lib</file>
         <name>copy_decompress_rle.obj</name>
      </input_file>
      <input_file id="fl-146">
         <path>C:\ti\ccsv6\tools\compiler\ti-cgt-arm_5.2.5\lib\</path>
         <kind>archive</kind>
         <file>rtsv7M4_T_le_v4SPD16_eabi.lib</file>
         <name>copy_zero_init.obj</name>
      </input_file>
      <input_file id="fl-147">
         <path>C:\ti\ccsv6\tools\compiler\ti-cgt-arm_5.2.5\lib\</path>
         <kind>archive</kind>
         <file>rtsv7M4_T_le_v4SPD16_eabi.lib</file>
         <name>cpy_tbl.obj</name>
      </input_file>
      <input_file id="fl-148">
         <path>C:\ti\ccsv6\tools\compiler\ti-cgt-arm_5.2.5\lib\</path>
         <kind>archive</kind>
         <file>rtsv7M4_T_le_v4SPD16_eabi.lib</file>
         <name>exit.obj</name>
      </input_file>
      <input_file id="fl-149">
         <path>C:\ti\ccsv6\tools\compiler\ti-cgt-arm_5.2.5\lib\</path>
         <kind>archive</kind>
         <file>rtsv7M4_T_le_v4SPD16_eabi.lib</file>
         <name>memcpy_t2.obj</name>
      </input_file>
      <input_file id="fl-14a">
         <path>C:\ti\ccsv6\tools\compiler\ti-cgt-arm_5.2.5\lib\</path>
         <kind>archive</kind>
         <file>rtsv7M4_T_le_v4SPD16_eabi.lib</file>
         <name>memory.obj</name>
      </input_file>
      <input_file id="fl-14b">
         <path>C:\ti\ccsv6\tools\compiler\ti-cgt-arm_5.2.5\lib\</path>
         <kind>archive</kind>
         <file>rtsv7M4_T_le_v4SPD16_eabi.lib</file>
         <name>memset_t2.obj</name>
      </input_file>
      <input_file id="fl-14c">
         <path>C:\ti\ccsv6\tools\compiler\ti-cgt-arm_5.2.5\lib\</path>
         <kind>archive</kind>
         <file>rtsv7M4_T_le_v4SPD16_eabi.lib</file>
         <name>stkdepth_vars.obj</name>
      </input_file>
      <input_file id="fl-14d">
         <path>C:\ti\ccsv6\tools\compiler\ti-cgt-arm_5.2.5\lib\</path>
         <kind>archive</kind>
         <file>rtsv7M4_T_le_v4SPD16_eabi.lib</file>
         <name>strcmp.obj</name>
      </input_file>
      <input_file id="fl-14e">
         <path>C:\ti\ccsv6\tools\compiler\ti-cgt-arm_5.2.5\lib\</path>
         <kind>archive</kind>
         <file>rtsv7M4_T_le_v4SPD16_eabi.lib</file>
         <name>strlen.obj</name>
      </input_file>
      <input_file id="fl-14f">
         <path>C:\ti\ccsv6\tools\compiler\ti-cgt-arm_5.2.5\lib\</path>
         <kind>archive</kind>
         <file>rtsv7M4_T_le_v4SPD16_eabi.lib</file>
         <name>trgdrv.obj</name>
      </input_file>
      <input_file id="fl-150">
         <path>C:\ti\ccsv6\tools\compiler\ti-cgt-arm_5.2.5\lib\</path>
         <kind>archive</kind>
         <file>rtsv7M4_T_le_v4SPD16_eabi.lib</file>
         <name>trgmsg.obj</name>
      </input_file>
      <input_file id="fl-151">
         <path>C:\ti\ccsv6\tools\compiler\ti-cgt-arm_5.2.5\lib\</path>
         <kind>archive</kind>
         <file>rtsv7M4_T_le_v4SPD16_eabi.lib</file>
         <name>u_divt2.obj</name>
      </input_file>
      <input_file id="fl-152">
         <path>C:\ti\ccsv6\tools\compiler\ti-cgt-arm_5.2.5\lib\</path>
         <kind>archive</kind>
         <file>rtsv7M4_T_le_v4SPD16_eabi.lib</file>
         <name>_lock.obj</name>
      </input_file>
      <input_file id="fl-153">
         <path>C:\ti\ccsv6\tools\compiler\ti-cgt-arm_5.2.5\lib\</path>
         <kind>archive</kind>
         <file>rtsv7M4_T_le_v4SPD16_eabi.lib</file>
         <name>i_div0.obj</name>
      </input_file>
      <input_file id="fl-154">
         <path>C:\ti\ccsv6\tools\compiler\ti-cgt-arm_5.2.5\lib\</path>
         <kind>archive</kind>
         <file>rtsv7M4_T_le_v4SPD16_eabi.lib</file>
         <name>strcpy.obj</name>
      </input_file>
   </input_file_list>
   <object_component_list>
      <object_component id="oc-331">
         <name>.text</name>
         <load_address>0x8</load_address>
         <run_address>0x8</run_address>
         <size>0x3dc</size>
         <input_file_ref idref="fl-14a"/>
      </object_component>
      <object_component id="oc-37b">
         <name>.text:xdc_runtime_System_doPrint__I</name>
         <load_address>0x3e4</load_address>
         <run_address>0x3e4</run_address>
         <size>0x34c</size>
         <input_file_ref idref="fl-1b"/>
      </object_component>
      <object_component id="oc-497">
         <name>.text</name>
         <load_address>0x730</load_address>
         <run_address>0x730</run_address>
         <size>0x2d4</size>
         <input_file_ref idref="fl-14f"/>
      </object_component>
      <object_component id="oc-3a8">
         <name>.text:ti_catalog_arm_cortexm4_tiva_ce_Boot_sysCtlClockFreqSetI__I</name>
         <load_address>0xa04</load_address>
         <run_address>0xa04</run_address>
         <size>0x204</size>
         <input_file_ref idref="fl-f"/>
      </object_component>
      <object_component id="oc-2a3">
         <name>.text:xdc_runtime_HeapStd_alloc__E</name>
         <load_address>0xc08</load_address>
         <run_address>0xc08</run_address>
         <size>0x144</size>
         <input_file_ref idref="fl-18"/>
      </object_component>
      <object_component id="oc-5a1">
         <name>.text:xdc_runtime_Error_policyDefault__E</name>
         <load_address>0xd4c</load_address>
         <run_address>0xd4c</run_address>
         <size>0x118</size>
         <input_file_ref idref="fl-15"/>
      </object_component>
      <object_component id="oc-351">
         <name>.text:xdc_runtime_Core_createObject__I</name>
         <load_address>0xe64</load_address>
         <run_address>0xe64</run_address>
         <size>0x100</size>
         <input_file_ref idref="fl-11"/>
      </object_component>
      <object_component id="oc-299">
         <name>.text:xdc_runtime_Startup_startMods__I</name>
         <load_address>0xf64</load_address>
         <run_address>0xf64</run_address>
         <size>0xf8</size>
         <input_file_ref idref="fl-1a"/>
      </object_component>
      <object_component id="oc-550">
         <name>.text:xdc_runtime_System_printfExtend__I</name>
         <load_address>0x105c</load_address>
         <run_address>0x105c</run_address>
         <size>0xf8</size>
         <input_file_ref idref="fl-6"/>
      </object_component>
      <object_component id="oc-357">
         <name>.text:xdc_runtime_HeapStd_Instance_init__E</name>
         <load_address>0x1154</load_address>
         <run_address>0x1154</run_address>
         <size>0xcc</size>
         <input_file_ref idref="fl-18"/>
      </object_component>
      <object_component id="oc-2a9">
         <name>.text:xdc_runtime_HeapStd_free__E</name>
         <load_address>0x1220</load_address>
         <run_address>0x1220</run_address>
         <size>0xa8</size>
         <input_file_ref idref="fl-18"/>
      </object_component>
      <object_component id="oc-56">
         <name>.text</name>
         <load_address>0x12c8</load_address>
         <run_address>0x12c8</run_address>
         <size>0xa0</size>
         <input_file_ref idref="fl-21"/>
      </object_component>
      <object_component id="oc-64a">
         <name>.text:xdc_runtime_Text_putMod__E</name>
         <load_address>0x1368</load_address>
         <run_address>0x1368</run_address>
         <size>0xa0</size>
         <input_file_ref idref="fl-1d"/>
      </object_component>
      <object_component id="oc-30">
         <name>.text</name>
         <load_address>0x1408</load_address>
         <run_address>0x1408</run_address>
         <size>0x9c</size>
         <input_file_ref idref="fl-149"/>
      </object_component>
      <object_component id="oc-5f7">
         <name>.text:xdc_runtime_Text_putSite__E</name>
         <load_address>0x14a4</load_address>
         <run_address>0x14a4</run_address>
         <size>0x9a</size>
         <input_file_ref idref="fl-1d"/>
      </object_component>
      <object_component id="oc-5e8">
         <name>.text</name>
         <load_address>0x153e</load_address>
         <run_address>0x153e</run_address>
         <size>0x2</size>
         <input_file_ref idref="fl-153"/>
      </object_component>
      <object_component id="oc-308">
         <name>.text:ti_catalog_arm_cortexm4_tiva_ce_Boot_sysCtlClockFreqSet__E</name>
         <load_address>0x1540</load_address>
         <run_address>0x1540</run_address>
         <size>0x98</size>
         <input_file_ref idref="fl-e"/>
      </object_component>
      <object_component id="oc-49">
         <name>.text</name>
         <load_address>0x15d8</load_address>
         <run_address>0x15d8</run_address>
         <size>0x7a</size>
         <input_file_ref idref="fl-14b"/>
      </object_component>
      <object_component id="oc-489">
         <name>.text:xdc_runtime_GateNull_leave__E</name>
         <load_address>0x1652</load_address>
         <run_address>0x1652</run_address>
         <size>0x2</size>
         <input_file_ref idref="fl-17"/>
      </object_component>
      <object_component id="oc-673">
         <name>.text:xdc_runtime_Error_print__E</name>
         <load_address>0x1654</load_address>
         <run_address>0x1654</run_address>
         <size>0x6c</size>
         <input_file_ref idref="fl-15"/>
      </object_component>
      <object_component id="oc-5ab">
         <name>.text:xdc_runtime_Memory_alloc__E</name>
         <load_address>0x16c0</load_address>
         <run_address>0x16c0</run_address>
         <size>0x6c</size>
         <input_file_ref idref="fl-19"/>
      </object_component>
      <object_component id="oc-3c">
         <name>.text</name>
         <load_address>0x172c</load_address>
         <run_address>0x172c</run_address>
         <size>0x6a</size>
         <input_file_ref idref="fl-145"/>
      </object_component>
      <object_component id="oc-6a">
         <name>.text:xdc_runtime_Startup_reset__I</name>
         <load_address>0x1796</load_address>
         <run_address>0x1796</run_address>
         <size>0x2</size>
         <input_file_ref idref="fl-6"/>
      </object_component>
      <object_component id="oc-563">
         <name>.text</name>
         <load_address>0x1798</load_address>
         <run_address>0x1798</run_address>
         <size>0x68</size>
         <input_file_ref idref="fl-150"/>
      </object_component>
      <object_component id="oc-363">
         <name>.text:xdc_runtime_Core_deleteObject__I</name>
         <load_address>0x1800</load_address>
         <run_address>0x1800</run_address>
         <size>0x66</size>
         <input_file_ref idref="fl-11"/>
      </object_component>
      <object_component id="oc-46d">
         <name>.text:xdc_runtime_System_formatNum__I</name>
         <load_address>0x1868</load_address>
         <run_address>0x1868</run_address>
         <size>0x64</size>
         <input_file_ref idref="fl-1b"/>
      </object_component>
      <object_component id="oc-5f1">
         <name>.text:xdc_runtime_Text_putLab__E</name>
         <load_address>0x18cc</load_address>
         <run_address>0x18cc</run_address>
         <size>0x5b</size>
         <input_file_ref idref="fl-1d"/>
      </object_component>
      <object_component id="oc-24">
         <name>.text</name>
         <load_address>0x1928</load_address>
         <run_address>0x1928</run_address>
         <size>0x58</size>
         <input_file_ref idref="fl-20"/>
      </object_component>
      <object_component id="oc-2bb">
         <name>.text:xdc_runtime_HeapStd_Object__create__S</name>
         <load_address>0x1980</load_address>
         <run_address>0x1980</run_address>
         <size>0x58</size>
         <input_file_ref idref="fl-6"/>
      </object_component>
      <object_component id="oc-325">
         <name>.text:xdc_runtime_Assert_raise__I</name>
         <load_address>0x19d8</load_address>
         <run_address>0x19d8</run_address>
         <size>0x54</size>
         <input_file_ref idref="fl-10"/>
      </object_component>
      <object_component id="oc-4a9">
         <name>.text:_SysCtlFrequencyGet</name>
         <load_address>0x1a2c</load_address>
         <run_address>0x1a2c</run_address>
         <size>0x50</size>
         <input_file_ref idref="fl-f"/>
      </object_component>
      <object_component id="oc-96">
         <name>.text:xdc_runtime_Startup_exec__E</name>
         <load_address>0x1a7c</load_address>
         <run_address>0x1a7c</run_address>
         <size>0x50</size>
         <input_file_ref idref="fl-1a"/>
      </object_component>
      <object_component id="oc-6d1">
         <name>.text:xdc_runtime_Text_visitRope2__I</name>
         <load_address>0x1acc</load_address>
         <run_address>0x1acc</run_address>
         <size>0x50</size>
         <input_file_ref idref="fl-1d"/>
      </object_component>
      <object_component id="oc-90">
         <name>.text</name>
         <load_address>0x1b1c</load_address>
         <run_address>0x1b1c</run_address>
         <size>0x4c</size>
         <input_file_ref idref="fl-147"/>
      </object_component>
      <object_component id="oc-41a">
         <name>.text:xdc_runtime_Core_assignParams__I</name>
         <load_address>0x1b68</load_address>
         <run_address>0x1b68</run_address>
         <size>0x46</size>
         <input_file_ref idref="fl-14"/>
      </object_component>
      <object_component id="oc-168">
         <name>.text</name>
         <load_address>0x1bb0</load_address>
         <run_address>0x1bb0</run_address>
         <size>0x44</size>
         <input_file_ref idref="fl-148"/>
      </object_component>
      <object_component id="oc-61a">
         <name>.text:xdc_runtime_Error_setX__E</name>
         <load_address>0x1bf4</load_address>
         <run_address>0x1bf4</run_address>
         <size>0x44</size>
         <input_file_ref idref="fl-15"/>
      </object_component>
      <object_component id="oc-21d">
         <name>.text:xdc_runtime_SysMin_flush__E</name>
         <load_address>0x1c38</load_address>
         <run_address>0x1c38</run_address>
         <size>0x44</size>
         <input_file_ref idref="fl-1c"/>
      </object_component>
      <object_component id="oc-650">
         <name>.text:xdc_runtime_Text_xprintf__I</name>
         <load_address>0x1c7c</load_address>
         <run_address>0x1c7c</run_address>
         <size>0x44</size>
         <input_file_ref idref="fl-1d"/>
      </object_component>
      <object_component id="oc-546">
         <name>.text</name>
         <load_address>0x1cc0</load_address>
         <run_address>0x1cc0</run_address>
         <size>0x40</size>
         <input_file_ref idref="fl-151"/>
      </object_component>
      <object_component id="oc-4cb">
         <name>.text:xdc_runtime_SysMin_putch__E</name>
         <load_address>0x1d00</load_address>
         <run_address>0x1d00</run_address>
         <size>0x38</size>
         <input_file_ref idref="fl-1c"/>
      </object_component>
      <object_component id="oc-36e">
         <name>.text:xdc_runtime_Core_assignLabel__I</name>
         <load_address>0x1d38</load_address>
         <run_address>0x1d38</run_address>
         <size>0x34</size>
         <input_file_ref idref="fl-13"/>
      </object_component>
      <object_component id="oc-691">
         <name>.text:xdc_runtime_Text_printVisFxn__I</name>
         <load_address>0x1d6c</load_address>
         <run_address>0x1d6c</run_address>
         <size>0x33</size>
         <input_file_ref idref="fl-1d"/>
      </object_component>
      <object_component id="oc-3c4">
         <name>.text:xdc_runtime_SysMin_abort__E</name>
         <load_address>0x1da0</load_address>
         <run_address>0x1da0</run_address>
         <size>0x30</size>
         <input_file_ref idref="fl-1c"/>
      </object_component>
      <object_component id="oc-a5">
         <name>.text:xdc_runtime_System_processAtExit__E</name>
         <load_address>0x1dd0</load_address>
         <run_address>0x1dd0</run_address>
         <size>0x30</size>
         <input_file_ref idref="fl-1b"/>
      </object_component>
      <object_component id="oc-450">
         <name>.text:xdc_runtime_Text_cordText__E</name>
         <load_address>0x1e00</load_address>
         <run_address>0x1e00</run_address>
         <size>0x2c</size>
         <input_file_ref idref="fl-1d"/>
      </object_component>
      <object_component id="oc-473">
         <name>.text:xdc_runtime_System_putchar__I</name>
         <load_address>0x1e2c</load_address>
         <run_address>0x1e2c</run_address>
         <size>0x2a</size>
         <input_file_ref idref="fl-1b"/>
      </object_component>
      <object_component id="oc-6d8">
         <name>.text:xdc_runtime_System_avprintf__E</name>
         <load_address>0x1e56</load_address>
         <run_address>0x1e56</run_address>
         <size>0x26</size>
         <input_file_ref idref="fl-1b"/>
      </object_component>
      <object_component id="oc-2d6">
         <name>.text:xdc_runtime_System_vprintf__E</name>
         <load_address>0x1e7c</load_address>
         <run_address>0x1e7c</run_address>
         <size>0x24</size>
         <input_file_ref idref="fl-1b"/>
      </object_component>
      <object_component id="oc-38c">
         <name>.text:xdc_runtime_SysMin_output__I</name>
         <load_address>0x1ea0</load_address>
         <run_address>0x1ea0</run_address>
         <size>0x22</size>
         <input_file_ref idref="fl-6"/>
      </object_component>
      <object_component id="oc-4a3">
         <name>.text:_SysCtlMemTimingGet</name>
         <load_address>0x1ec4</load_address>
         <run_address>0x1ec4</run_address>
         <size>0x20</size>
         <input_file_ref idref="fl-f"/>
      </object_component>
      <object_component id="oc-682">
         <name>.text:xdc_runtime_Registry_findById__E</name>
         <load_address>0x1ee4</load_address>
         <run_address>0x1ee4</run_address>
         <size>0x20</size>
         <input_file_ref idref="fl-1f"/>
      </object_component>
      <object_component id="oc-4dc">
         <name>.text:xdc_runtime_SysMin_Module_startup__E</name>
         <load_address>0x1f04</load_address>
         <run_address>0x1f04</run_address>
         <size>0x20</size>
         <input_file_ref idref="fl-1c"/>
      </object_component>
      <object_component id="oc-3ee">
         <name>.text:xdc_runtime_Error_raiseX__E</name>
         <load_address>0x1f24</load_address>
         <run_address>0x1f24</run_address>
         <size>0x1c</size>
         <input_file_ref idref="fl-15"/>
      </object_component>
      <object_component id="oc-2c1">
         <name>.text:xdc_runtime_HeapStd_Object__delete__S</name>
         <load_address>0x1f40</load_address>
         <run_address>0x1f40</run_address>
         <size>0x1c</size>
         <input_file_ref idref="fl-6"/>
      </object_component>
      <object_component id="oc-4fa">
         <name>.text:xdc_runtime_Memory_valloc__E</name>
         <load_address>0x1f5c</load_address>
         <run_address>0x1f5c</run_address>
         <size>0x1c</size>
         <input_file_ref idref="fl-19"/>
      </object_component>
      <object_component id="oc-161">
         <name>.text:xdc_runtime_SysMin_exit__E</name>
         <load_address>0x1f78</load_address>
         <run_address>0x1f78</run_address>
         <size>0x1c</size>
         <input_file_ref idref="fl-1c"/>
      </object_component>
      <object_component id="oc-30f">
         <name>.text:xdc_runtime_System_abort__E</name>
         <load_address>0x1f94</load_address>
         <run_address>0x1f94</run_address>
         <size>0x1c</size>
         <input_file_ref idref="fl-1b"/>
      </object_component>
      <object_component id="oc-9d">
         <name>.text</name>
         <load_address>0x1fb0</load_address>
         <run_address>0x1fb0</run_address>
         <size>0x1a</size>
         <input_file_ref idref="fl-2"/>
      </object_component>
      <object_component id="oc-2c7">
         <name>.text:xdc_runtime_HeapStd_Handle__label__S</name>
         <load_address>0x1fca</load_address>
         <run_address>0x1fca</run_address>
         <size>0x1a</size>
         <input_file_ref idref="fl-6"/>
      </object_component>
      <object_component id="oc-6a6">
         <name>.text:xdc_runtime_System_aprintf__E</name>
         <load_address>0x1fe4</load_address>
         <run_address>0x1fe4</run_address>
         <size>0x1a</size>
         <input_file_ref idref="fl-6"/>
      </object_component>
      <object_component id="oc-14d">
         <name>.text:xdc_runtime_System_printf__E</name>
         <load_address>0x1ffe</load_address>
         <run_address>0x1ffe</run_address>
         <size>0x1a</size>
         <input_file_ref idref="fl-6"/>
      </object_component>
      <object_component id="oc-5b">
         <name>.text</name>
         <load_address>0x2018</load_address>
         <run_address>0x2018</run_address>
         <size>0x18</size>
         <input_file_ref idref="fl-143"/>
      </object_component>
      <object_component id="oc-35d">
         <name>.text:xdc_runtime_Error_check__E</name>
         <load_address>0x2030</load_address>
         <run_address>0x2030</run_address>
         <size>0x18</size>
         <input_file_ref idref="fl-15"/>
      </object_component>
      <object_component id="oc-61">
         <name>.text:xdc_runtime_System_exit__E</name>
         <load_address>0x2048</load_address>
         <run_address>0x2048</run_address>
         <size>0x18</size>
         <input_file_ref idref="fl-1b"/>
      </object_component>
      <object_component id="oc-3e8">
         <name>.text:xdc_runtime_Text_ropeText__E</name>
         <load_address>0x2060</load_address>
         <run_address>0x2060</run_address>
         <size>0x18</size>
         <input_file_ref idref="fl-1d"/>
      </object_component>
      <object_component id="oc-2f4">
         <name>.text</name>
         <load_address>0x2078</load_address>
         <run_address>0x2078</run_address>
         <size>0x14</size>
         <input_file_ref idref="fl-152"/>
      </object_component>
      <object_component id="oc-569">
         <name>.text</name>
         <load_address>0x208c</load_address>
         <run_address>0x208c</run_address>
         <size>0x14</size>
         <input_file_ref idref="fl-154"/>
      </object_component>
      <object_component id="oc-467">
         <name>.text</name>
         <load_address>0x20a0</load_address>
         <run_address>0x20a0</run_address>
         <size>0x14</size>
         <input_file_ref idref="fl-14e"/>
      </object_component>
      <object_component id="oc-291">
         <name>.text:.bootCodeSection:ti_catalog_arm_cortexm4_tiva_ce_Boot_init__I</name>
         <load_address>0x20b4</load_address>
         <run_address>0x20b4</run_address>
         <size>0x10</size>
         <input_file_ref idref="fl-6"/>
      </object_component>
      <object_component id="oc-2e6">
         <name>.text:xdc_runtime_Gate_leaveSystem__E</name>
         <load_address>0x20c4</load_address>
         <run_address>0x20c4</run_address>
         <size>0x10</size>
         <input_file_ref idref="fl-16"/>
      </object_component>
      <object_component id="oc-444">
         <name>.text:xdc_runtime_Memory_free__E</name>
         <load_address>0x20d4</load_address>
         <run_address>0x20d4</run_address>
         <size>0x10</size>
         <input_file_ref idref="fl-19"/>
      </object_component>
      <object_component id="oc-375">
         <name>.text:xdc_runtime_SysMin_ready__E</name>
         <load_address>0x20e4</load_address>
         <run_address>0x20e4</run_address>
         <size>0x10</size>
         <input_file_ref idref="fl-1c"/>
      </object_component>
      <object_component id="oc-698">
         <name>.text:xdc_runtime_System_vsnprintf__E</name>
         <load_address>0x20f4</load_address>
         <run_address>0x20f4</run_address>
         <size>0x10</size>
         <input_file_ref idref="fl-1b"/>
      </object_component>
      <object_component id="oc-6b3">
         <name>.text:xdc_runtime_Text_visitRope__I</name>
         <load_address>0x2104</load_address>
         <run_address>0x2104</run_address>
         <size>0x10</size>
         <input_file_ref idref="fl-6"/>
      </object_component>
      <object_component id="oc-12">
         <name>.text:decompress:none</name>
         <load_address>0x2114</load_address>
         <run_address>0x2114</run_address>
         <size>0xe</size>
         <input_file_ref idref="fl-144"/>
      </object_component>
      <object_component id="oc-2b5">
         <name>.text:xdc_runtime_HeapStd_getStats__E</name>
         <load_address>0x2122</load_address>
         <run_address>0x2122</run_address>
         <size>0xe</size>
         <input_file_ref idref="fl-18"/>
      </object_component>
      <object_component id="oc-1e">
         <name>.text:decompress:ZI</name>
         <load_address>0x2130</load_address>
         <run_address>0x2130</run_address>
         <size>0xc</size>
         <input_file_ref idref="fl-146"/>
      </object_component>
      <object_component id="oc-65e">
         <name>.text:xdc_runtime_Error_init__E</name>
         <load_address>0x213c</load_address>
         <run_address>0x213c</run_address>
         <size>0xc</size>
         <input_file_ref idref="fl-15"/>
      </object_component>
      <object_component id="oc-15b">
         <name>.text:xdc_runtime_Gate_enterSystem__E</name>
         <load_address>0x2148</load_address>
         <run_address>0x2148</run_address>
         <size>0xc</size>
         <input_file_ref idref="fl-16"/>
      </object_component>
      <object_component id="oc-420">
         <name>.text:xdc_runtime_Memory_calloc__E</name>
         <load_address>0x2154</load_address>
         <run_address>0x2154</run_address>
         <size>0xc</size>
         <input_file_ref idref="fl-19"/>
      </object_component>
      <object_component id="oc-32b">
         <name>.text:xdc_runtime_Memory_getMaxDefaultTypeAlign__E</name>
         <load_address>0x2160</load_address>
         <run_address>0x2160</run_address>
         <size>0xc</size>
         <input_file_ref idref="fl-19"/>
      </object_component>
      <object_component id="oc-1ee">
         <name>.text:xdc_runtime_Startup_exec__I</name>
         <load_address>0x216c</load_address>
         <run_address>0x216c</run_address>
         <size>0xc</size>
         <input_file_ref idref="fl-6"/>
      </object_component>
      <object_component id="oc-63c">
         <name>.text:xdc_runtime_IHeap_alloc</name>
         <load_address>0x2178</load_address>
         <run_address>0x2178</run_address>
         <size>0xa</size>
         <input_file_ref idref="fl-6"/>
      </object_component>
      <object_component id="oc-52b">
         <name>.text:xdc_runtime_IHeap_free</name>
         <load_address>0x2182</load_address>
         <run_address>0x2182</run_address>
         <size>0xa</size>
         <input_file_ref idref="fl-6"/>
      </object_component>
      <object_component id="oc-204">
         <name>.text:__xdc__init</name>
         <load_address>0x218c</load_address>
         <run_address>0x218c</run_address>
         <size>0x6</size>
         <input_file_ref idref="fl-1e"/>
      </object_component>
      <object_component id="oc-18">
         <name>.text:decompress:rle24</name>
         <load_address>0x2192</load_address>
         <run_address>0x2192</run_address>
         <size>0x6</size>
         <input_file_ref idref="fl-145"/>
      </object_component>
      <object_component id="oc-4d6">
         <name>.text:xdc_runtime_System_Module_startup__E</name>
         <load_address>0x2198</load_address>
         <run_address>0x2198</run_address>
         <size>0x6</size>
         <input_file_ref idref="fl-1b"/>
      </object_component>
      <object_component id="oc-6a0">
         <name>.text:xdc_runtime_Error_getSite__E</name>
         <load_address>0x219e</load_address>
         <run_address>0x219e</run_address>
         <size>0x4</size>
         <input_file_ref idref="fl-15"/>
      </object_component>
      <object_component id="oc-2dd">
         <name>.text:xdc_runtime_GateNull_enter__E</name>
         <load_address>0x21a2</load_address>
         <run_address>0x21a2</run_address>
         <size>0x4</size>
         <input_file_ref idref="fl-17"/>
      </object_component>
      <object_component id="oc-2af">
         <name>.text:xdc_runtime_HeapStd_isBlocking__E</name>
         <load_address>0x21a6</load_address>
         <run_address>0x21a6</run_address>
         <size>0x4</size>
         <input_file_ref idref="fl-18"/>
      </object_component>
      <object_component id="oc-213">
         <name>.text:xdc_runtime_System_Module_GateProxy_enter__E</name>
         <load_address>0x21aa</load_address>
         <run_address>0x21aa</run_address>
         <size>0x4</size>
         <input_file_ref idref="fl-6"/>
      </object_component>
      <object_component id="oc-384">
         <name>.text:xdc_runtime_System_Module_GateProxy_leave__E</name>
         <load_address>0x21ae</load_address>
         <run_address>0x21ae</run_address>
         <size>0x4</size>
         <input_file_ref idref="fl-6"/>
      </object_component>
      <object_component id="oc-6be">
         <name>.text:xdc_runtime_System_aprintf_va__F</name>
         <load_address>0x21b2</load_address>
         <run_address>0x21b2</run_address>
         <size>0x4</size>
         <input_file_ref idref="fl-1b"/>
      </object_component>
      <object_component id="oc-20c">
         <name>.text:xdc_runtime_System_printf_va__F</name>
         <load_address>0x21b6</load_address>
         <run_address>0x21b6</run_address>
         <size>0x4</size>
         <input_file_ref idref="fl-1b"/>
      </object_component>
      <object_component id="oc-1fe">
         <name>.const:xdc_runtime_Text_charTab__A</name>
         <load_address>0x21bc</load_address>
         <run_address>0x21bc</run_address>
         <size>0x473</size>
         <input_file_ref idref="fl-6"/>
      </object_component>
      <object_component id="oc-440">
         <name>.const:xdc_runtime_Error_policy__C</name>
         <load_address>0x262f</load_address>
         <run_address>0x262f</run_address>
         <size>0x1</size>
         <input_file_ref idref="fl-6"/>
      </object_component>
      <object_component id="oc-4b2">
         <name>.const:g_pppui32XTALtoVCO</name>
         <load_address>0x2630</load_address>
         <run_address>0x2630</run_address>
         <size>0x120</size>
         <input_file_ref idref="fl-f"/>
      </object_component>
      <object_component id="oc-4af">
         <name>.const:g_pui32Xtals</name>
         <load_address>0x2750</load_address>
         <run_address>0x2750</run_address>
         <size>0x6c</size>
         <input_file_ref idref="fl-f"/>
      </object_component>
      <object_component id="oc-201">
         <name>.const:xdc_runtime_Text_nodeTab__A</name>
         <load_address>0x27bc</load_address>
         <run_address>0x27bc</run_address>
         <size>0x60</size>
         <input_file_ref idref="fl-6"/>
      </object_component>
      <object_component id="oc-53b">
         <name>.const:.string</name>
         <load_address>0x281c</load_address>
         <run_address>0x281c</run_address>
         <size>0x48</size>
         <input_file_ref idref="fl-6"/>
      </object_component>
      <object_component id="oc-57d">
         <name>.const:g_sXTALtoMEMTIM</name>
         <load_address>0x2864</load_address>
         <run_address>0x2864</run_address>
         <size>0x30</size>
         <input_file_ref idref="fl-f"/>
      </object_component>
      <object_component id="oc-1f8">
         <name>.const:xdc_runtime_HeapStd_Module__FXNS__C</name>
         <load_address>0x2894</load_address>
         <run_address>0x2894</run_address>
         <size>0x28</size>
         <input_file_ref idref="fl-6"/>
      </object_component>
      <object_component id="oc-369">
         <name>.const:xdc_runtime_HeapStd_Object__DESC__C</name>
         <load_address>0x28bc</load_address>
         <run_address>0x28bc</run_address>
         <size>0x20</size>
         <input_file_ref idref="fl-6"/>
      </object_component>
      <object_component id="oc-44b">
         <name>.const:xdc_runtime_HeapStd_Object__PARAMS__C</name>
         <load_address>0x28dc</load_address>
         <run_address>0x28dc</run_address>
         <size>0x1c</size>
         <input_file_ref idref="fl-6"/>
      </object_component>
      <object_component id="oc-54b">
         <name>.const:.string</name>
         <load_address>0x28f8</load_address>
         <run_address>0x28f8</run_address>
         <size>0x11</size>
         <input_file_ref idref="fl-1b"/>
      </object_component>
      <object_component id="oc-3ba">
         <name>.const:ti_catalog_arm_cortexm4_tiva_ce_Boot_Module__id__C</name>
         <load_address>0x290a</load_address>
         <run_address>0x290a</run_address>
         <size>0x2</size>
         <input_file_ref idref="fl-6"/>
      </object_component>
      <object_component id="oc-4b5">
         <name>.const</name>
         <load_address>0x290c</load_address>
         <run_address>0x290c</run_address>
         <size>0x8</size>
         <input_file_ref idref="fl-f"/>
      </object_component>
      <object_component id="oc-140">
         <name>.const:xdc_runtime_Startup_firstFxns__C</name>
         <load_address>0x2914</load_address>
         <run_address>0x2914</run_address>
         <size>0x8</size>
         <input_file_ref idref="fl-6"/>
      </object_component>
      <object_component id="oc-146">
         <name>.const:xdc_runtime_Startup_lastFxns__C</name>
         <load_address>0x291c</load_address>
         <run_address>0x291c</run_address>
         <size>0x8</size>
         <input_file_ref idref="fl-6"/>
      </object_component>
      <object_component id="oc-3d3">
         <name>.const:xdc_runtime_Startup_sfxnTab__A</name>
         <load_address>0x2924</load_address>
         <run_address>0x2924</run_address>
         <size>0x8</size>
         <input_file_ref idref="fl-6"/>
      </object_component>
      <object_component id="oc-3ae">
         <name>.const:ti_catalog_arm_cortexm4_tiva_ce_Boot_A_mustNotUseEnhancedClockMode__C</name>
         <load_address>0x292c</load_address>
         <run_address>0x292c</run_address>
         <size>0x4</size>
         <input_file_ref idref="fl-6"/>
      </object_component>
      <object_component id="oc-3b4">
         <name>.const:ti_catalog_arm_cortexm4_tiva_ce_Boot_Module__diagsEnabled__C</name>
         <load_address>0x2930</load_address>
         <run_address>0x2930</run_address>
         <size>0x4</size>
         <input_file_ref idref="fl-6"/>
      </object_component>
      <object_component id="oc-3b1">
         <name>.const:ti_catalog_arm_cortexm4_tiva_ce_Boot_Module__diagsIncluded__C</name>
         <load_address>0x2934</load_address>
         <run_address>0x2934</run_address>
         <size>0x4</size>
         <input_file_ref idref="fl-6"/>
      </object_component>
      <object_component id="oc-3b7">
         <name>.const:ti_catalog_arm_cortexm4_tiva_ce_Boot_Module__diagsMask__C</name>
         <load_address>0x2938</load_address>
         <run_address>0x2938</run_address>
         <size>0x4</size>
         <input_file_ref idref="fl-6"/>
      </object_component>
      <object_component id="oc-3f7">
         <name>.const:xdc_runtime_Assert_E_assertFailed__C</name>
         <load_address>0x293c</load_address>
         <run_address>0x293c</run_address>
         <size>0x4</size>
         <input_file_ref idref="fl-6"/>
      </object_component>
      <object_component id="oc-42f">
         <name>.const:xdc_runtime_Core_A_initializedParams__C</name>
         <load_address>0x2940</load_address>
         <run_address>0x2940</run_address>
         <size>0x4</size>
         <input_file_ref idref="fl-6"/>
      </object_component>
      <object_component id="oc-429">
         <name>.const:xdc_runtime_Core_Module__diagsEnabled__C</name>
         <load_address>0x2944</load_address>
         <run_address>0x2944</run_address>
         <size>0x4</size>
         <input_file_ref idref="fl-6"/>
      </object_component>
      <object_component id="oc-426">
         <name>.const:xdc_runtime_Core_Module__diagsIncluded__C</name>
         <load_address>0x2948</load_address>
         <run_address>0x2948</run_address>
         <size>0x4</size>
         <input_file_ref idref="fl-6"/>
      </object_component>
      <object_component id="oc-42c">
         <name>.const:xdc_runtime_Core_Module__diagsMask__C</name>
         <load_address>0x294c</load_address>
         <run_address>0x294c</run_address>
         <size>0x4</size>
         <input_file_ref idref="fl-6"/>
      </object_component>
      <object_component id="oc-645">
         <name>.const:xdc_runtime_Error_E_memory__C</name>
         <load_address>0x2950</load_address>
         <run_address>0x2950</run_address>
         <size>0x4</size>
         <input_file_ref idref="fl-6"/>
      </object_component>
      <object_component id="oc-629">
         <name>.const:xdc_runtime_Error_Module__diagsEnabled__C</name>
         <load_address>0x2954</load_address>
         <run_address>0x2954</run_address>
         <size>0x4</size>
         <input_file_ref idref="fl-6"/>
      </object_component>
      <object_component id="oc-626">
         <name>.const:xdc_runtime_Error_Module__diagsIncluded__C</name>
         <load_address>0x2958</load_address>
         <run_address>0x2958</run_address>
         <size>0x4</size>
         <input_file_ref idref="fl-6"/>
      </object_component>
      <object_component id="oc-62c">
         <name>.const:xdc_runtime_Error_Module__diagsMask__C</name>
         <load_address>0x295c</load_address>
         <run_address>0x295c</run_address>
         <size>0x4</size>
         <input_file_ref idref="fl-6"/>
      </object_component>
      <object_component id="oc-632">
         <name>.const:xdc_runtime_Error_Module__loggerFxn8__C</name>
         <load_address>0x2960</load_address>
         <run_address>0x2960</run_address>
         <size>0x4</size>
         <input_file_ref idref="fl-6"/>
      </object_component>
      <object_component id="oc-62f">
         <name>.const:xdc_runtime_Error_Module__loggerObj__C</name>
         <load_address>0x2964</load_address>
         <run_address>0x2964</run_address>
         <size>0x4</size>
         <input_file_ref idref="fl-6"/>
      </object_component>
      <object_component id="oc-4ee">
         <name>.const:xdc_runtime_Error_policyFxn__C</name>
         <load_address>0x2968</load_address>
         <run_address>0x2968</run_address>
         <size>0x4</size>
         <input_file_ref idref="fl-6"/>
      </object_component>
      <object_component id="oc-635">
         <name>.const:xdc_runtime_Error_raiseHook__C</name>
         <load_address>0x296c</load_address>
         <run_address>0x296c</run_address>
         <size>0x4</size>
         <input_file_ref idref="fl-6"/>
      </object_component>
      <object_component id="oc-33d">
         <name>.const:xdc_runtime_HeapStd_A_align__C</name>
         <load_address>0x2970</load_address>
         <run_address>0x2970</run_address>
         <size>0x4</size>
         <input_file_ref idref="fl-6"/>
      </object_component>
      <object_component id="oc-34b">
         <name>.const:xdc_runtime_HeapStd_A_invalidTotalFreeSize__C</name>
         <load_address>0x2974</load_address>
         <run_address>0x2974</run_address>
         <size>0x4</size>
         <input_file_ref idref="fl-6"/>
      </object_component>
      <object_component id="oc-337">
         <name>.const:xdc_runtime_HeapStd_A_zeroSize__C</name>
         <load_address>0x2978</load_address>
         <run_address>0x2978</run_address>
         <size>0x4</size>
         <input_file_ref idref="fl-6"/>
      </object_component>
      <object_component id="oc-43c">
         <name>.const:xdc_runtime_HeapStd_E_noRTSMemory__C</name>
         <load_address>0x297c</load_address>
         <run_address>0x297c</run_address>
         <size>0x4</size>
         <input_file_ref idref="fl-6"/>
      </object_component>
      <object_component id="oc-343">
         <name>.const:xdc_runtime_HeapStd_Module__diagsEnabled__C</name>
         <load_address>0x2980</load_address>
         <run_address>0x2980</run_address>
         <size>0x4</size>
         <input_file_ref idref="fl-6"/>
      </object_component>
      <object_component id="oc-340">
         <name>.const:xdc_runtime_HeapStd_Module__diagsIncluded__C</name>
         <load_address>0x2984</load_address>
         <run_address>0x2984</run_address>
         <size>0x4</size>
         <input_file_ref idref="fl-6"/>
      </object_component>
      <object_component id="oc-346">
         <name>.const:xdc_runtime_HeapStd_Module__diagsMask__C</name>
         <load_address>0x2988</load_address>
         <run_address>0x2988</run_address>
         <size>0x4</size>
         <input_file_ref idref="fl-6"/>
      </object_component>
      <object_component id="oc-2a0">
         <name>.const:xdc_runtime_IHeap_Interface__BASE__C</name>
         <load_address>0x298c</load_address>
         <run_address>0x298c</run_address>
         <size>0x4</size>
         <input_file_ref idref="fl-6"/>
      </object_component>
      <object_component id="oc-320">
         <name>.const:xdc_runtime_IModule_Interface__BASE__C</name>
         <load_address>0x2990</load_address>
         <run_address>0x2990</run_address>
         <size>0x4</size>
         <input_file_ref idref="fl-6"/>
      </object_component>
      <object_component id="oc-620">
         <name>.const:xdc_runtime_Log_L_error__C</name>
         <load_address>0x2994</load_address>
         <run_address>0x2994</run_address>
         <size>0x4</size>
         <input_file_ref idref="fl-6"/>
      </object_component>
      <object_component id="oc-531">
         <name>.const:xdc_runtime_Memory_defaultHeapInstance__C</name>
         <load_address>0x2998</load_address>
         <run_address>0x2998</run_address>
         <size>0x4</size>
         <input_file_ref idref="fl-6"/>
      </object_component>
      <object_component id="oc-143">
         <name>.const:xdc_runtime_Startup_execImpl__C</name>
         <load_address>0x299c</load_address>
         <run_address>0x299c</run_address>
         <size>0x4</size>
         <input_file_ref idref="fl-6"/>
      </object_component>
      <object_component id="oc-1e9">
         <name>.const:xdc_runtime_Startup_firstFxns__A</name>
         <load_address>0x29a0</load_address>
         <run_address>0x29a0</run_address>
         <size>0x4</size>
         <input_file_ref idref="fl-6"/>
      </object_component>
      <object_component id="oc-31b">
         <name>.const:xdc_runtime_Startup_maxPasses__C</name>
         <load_address>0x29a4</load_address>
         <run_address>0x29a4</run_address>
         <size>0x4</size>
         <input_file_ref idref="fl-6"/>
      </object_component>
      <object_component id="oc-3ce">
         <name>.const:xdc_runtime_Startup_sfxnRts__A</name>
         <load_address>0x29a8</load_address>
         <run_address>0x29a8</run_address>
         <size>0x4</size>
         <input_file_ref idref="fl-6"/>
      </object_component>
      <object_component id="oc-315">
         <name>.const:xdc_runtime_Startup_sfxnRts__C</name>
         <load_address>0x29ac</load_address>
         <run_address>0x29ac</run_address>
         <size>0x4</size>
         <input_file_ref idref="fl-6"/>
      </object_component>
      <object_component id="oc-318">
         <name>.const:xdc_runtime_Startup_sfxnTab__C</name>
         <load_address>0x29b0</load_address>
         <run_address>0x29b0</run_address>
         <size>0x4</size>
         <input_file_ref idref="fl-6"/>
      </object_component>
      <object_component id="oc-226">
         <name>.const:xdc_runtime_SysMin_bufSize__C</name>
         <load_address>0x29b4</load_address>
         <run_address>0x29b4</run_address>
         <size>0x4</size>
         <input_file_ref idref="fl-6"/>
      </object_component>
      <object_component id="oc-2ec">
         <name>.const:xdc_runtime_SysMin_outputFunc__C</name>
         <load_address>0x29b8</load_address>
         <run_address>0x29b8</run_address>
         <size>0x4</size>
         <input_file_ref idref="fl-6"/>
      </object_component>
      <object_component id="oc-219">
         <name>.const:xdc_runtime_System_Module__gateObj__C</name>
         <load_address>0x29bc</load_address>
         <run_address>0x29bc</run_address>
         <size>0x4</size>
         <input_file_ref idref="fl-6"/>
      </object_component>
      <object_component id="oc-3ca">
         <name>.const:xdc_runtime_System_abortFxn__C</name>
         <load_address>0x29c0</load_address>
         <run_address>0x29c0</run_address>
         <size>0x4</size>
         <input_file_ref idref="fl-6"/>
      </object_component>
      <object_component id="oc-ab">
         <name>.const:xdc_runtime_System_exitFxn__C</name>
         <load_address>0x29c4</load_address>
         <run_address>0x29c4</run_address>
         <size>0x4</size>
         <input_file_ref idref="fl-6"/>
      </object_component>
      <object_component id="oc-479">
         <name>.const:xdc_runtime_System_extendFxn__C</name>
         <load_address>0x29c8</load_address>
         <run_address>0x29c8</run_address>
         <size>0x4</size>
         <input_file_ref idref="fl-6"/>
      </object_component>
      <object_component id="oc-4e4">
         <name>.const:xdc_runtime_Text_charTab__C</name>
         <load_address>0x29cc</load_address>
         <run_address>0x29cc</run_address>
         <size>0x4</size>
         <input_file_ref idref="fl-6"/>
      </object_component>
      <object_component id="oc-459">
         <name>.const:xdc_runtime_Text_nameEmpty__C</name>
         <load_address>0x29d0</load_address>
         <run_address>0x29d0</run_address>
         <size>0x4</size>
         <input_file_ref idref="fl-6"/>
      </object_component>
      <object_component id="oc-45c">
         <name>.const:xdc_runtime_Text_nameStatic__C</name>
         <load_address>0x29d4</load_address>
         <run_address>0x29d4</run_address>
         <size>0x4</size>
         <input_file_ref idref="fl-6"/>
      </object_component>
      <object_component id="oc-456">
         <name>.const:xdc_runtime_Text_nameUnknown__C</name>
         <load_address>0x29d8</load_address>
         <run_address>0x29d8</run_address>
         <size>0x4</size>
         <input_file_ref idref="fl-6"/>
      </object_component>
      <object_component id="oc-6df">
         <name>.const:xdc_runtime_Text_nodeTab__C</name>
         <load_address>0x29dc</load_address>
         <run_address>0x29dc</run_address>
         <size>0x4</size>
         <input_file_ref idref="fl-6"/>
      </object_component>
      <object_component id="oc-68e">
         <name>.const:xdc_runtime_Text_visitRopeFxn__C</name>
         <load_address>0x29e0</load_address>
         <run_address>0x29e0</run_address>
         <size>0x4</size>
         <input_file_ref idref="fl-6"/>
      </object_component>
      <object_component id="oc-432">
         <name>.const:xdc_runtime_Core_Module__id__C</name>
         <load_address>0x29e4</load_address>
         <run_address>0x29e4</run_address>
         <size>0x2</size>
         <input_file_ref idref="fl-6"/>
      </object_component>
      <object_component id="oc-623">
         <name>.const:xdc_runtime_Error_Module__loggerDefined__C</name>
         <load_address>0x29e6</load_address>
         <run_address>0x29e6</run_address>
         <size>0x2</size>
         <input_file_ref idref="fl-6"/>
      </object_component>
      <object_component id="oc-638">
         <name>.const:xdc_runtime_Error_maxDepth__C</name>
         <load_address>0x29e8</load_address>
         <run_address>0x29e8</run_address>
         <size>0x2</size>
         <input_file_ref idref="fl-6"/>
      </object_component>
      <object_component id="oc-33a">
         <name>.const:xdc_runtime_HeapStd_Module__id__C</name>
         <load_address>0x29ea</load_address>
         <run_address>0x29ea</run_address>
         <size>0x2</size>
         <input_file_ref idref="fl-6"/>
      </object_component>
      <object_component id="oc-642">
         <name>.const:xdc_runtime_Memory_Module__id__C</name>
         <load_address>0x29ec</load_address>
         <run_address>0x29ec</run_address>
         <size>0x2</size>
         <input_file_ref idref="fl-6"/>
      </object_component>
      <object_component id="oc-223">
         <name>.const:xdc_runtime_SysMin_flushAtExit__C</name>
         <load_address>0x29ee</load_address>
         <run_address>0x29ee</run_address>
         <size>0x2</size>
         <input_file_ref idref="fl-6"/>
      </object_component>
      <object_component id="oc-537">
         <name>.const:xdc_runtime_Text_charCnt__C</name>
         <load_address>0x29f0</load_address>
         <run_address>0x29f0</run_address>
         <size>0x2</size>
         <input_file_ref idref="fl-6"/>
      </object_component>
      <object_component id="oc-3f4">
         <name>.const:xdc_runtime_Text_isLoaded__C</name>
         <load_address>0x29f2</load_address>
         <run_address>0x29f2</run_address>
         <size>0x2</size>
         <input_file_ref idref="fl-6"/>
      </object_component>
      <object_component id="oc-688">
         <name>.const:xdc_runtime_Text_registryModsLastId__C</name>
         <load_address>0x29f4</load_address>
         <run_address>0x29f4</run_address>
         <size>0x2</size>
         <input_file_ref idref="fl-6"/>
      </object_component>
      <object_component id="oc-68b">
         <name>.const:xdc_runtime_Text_unnamedModsLastId__C</name>
         <load_address>0x29f6</load_address>
         <run_address>0x29f6</run_address>
         <size>0x2</size>
         <input_file_ref idref="fl-6"/>
      </object_component>
      <object_component id="oc-70b">
         <name>.cinit..data.load</name>
         <load_address>0x2bf8</load_address>
         <run_address>0x2bf8</run_address>
         <size>0x5c</size>
      </object_component>
      <object_component id="oc-709">
         <name>__TI_handler_table</name>
         <load_address>0x2c54</load_address>
         <run_address>0x2c54</run_address>
         <size>0xc</size>
      </object_component>
      <object_component id="oc-70c">
         <name>.cinit..bss.load</name>
         <load_address>0x2c60</load_address>
         <run_address>0x2c60</run_address>
         <size>0x8</size>
      </object_component>
      <object_component id="oc-70a">
         <name>__TI_cinit_table</name>
         <load_address>0x2c68</load_address>
         <run_address>0x2c68</run_address>
         <size>0x10</size>
      </object_component>
      <object_component id="oc-2d">
         <name>.sysmem</name>
         <uninitialized>true</uninitialized>
         <run_address>0x20001000</run_address>
         <size>0x8</size>
         <input_file_ref idref="fl-14a"/>
      </object_component>
      <object_component id="oc-70e">
         <name>.sysmem</name>
         <uninitialized>true</uninitialized>
         <run_address>0x20001000</run_address>
         <size>0x0</size>
      </object_component>
      <object_component id="oc-2c">
         <name>.stack</name>
         <uninitialized>true</uninitialized>
         <run_address>0x20000000</run_address>
         <size>0x0</size>
         <input_file_ref idref="fl-20"/>
      </object_component>
      <object_component id="oc-70d">
         <name>.stack</name>
         <uninitialized>true</uninitialized>
         <run_address>0x20000000</run_address>
         <size>0x0</size>
      </object_component>
      <object_component id="oc-55">
         <name>.bootVecs</name>
         <load_address>0x0</load_address>
         <run_address>0x0</run_address>
         <size>0x8</size>
         <input_file_ref idref="fl-20"/>
      </object_component>
      <object_component id="oc-29">
         <name>xdc.meta</name>
         <load_address>0x0</load_address>
         <run_address>0x0</run_address>
         <size>0xef</size>
         <input_file_ref idref="fl-6"/>
      </object_component>
      <object_component id="oc-1fb">
         <name>.bss:xdc_runtime_SysMin_Module_State_0_outbuf__A</name>
         <uninitialized>true</uninitialized>
         <run_address>0x20002000</run_address>
         <size>0x400</size>
         <input_file_ref idref="fl-6"/>
      </object_component>
      <object_component id="oc-5fe">
         <name>.bss:__CIOBUF_</name>
         <uninitialized>true</uninitialized>
         <run_address>0x20002400</run_address>
         <size>0x120</size>
         <input_file_ref idref="fl-150"/>
      </object_component>
      <object_component id="oc-56f">
         <name>.common:parmbuf</name>
         <uninitialized>true</uninitialized>
         <run_address>0x20002520</run_address>
         <size>0x8</size>
      </object_component>
      <object_component id="oc-149">
         <name>.data</name>
         <load_address>0x20002528</load_address>
         <run_address>0x20002528</run_address>
         <size>0x78</size>
         <input_file_ref idref="fl-6"/>
      </object_component>
      <object_component id="oc-22d">
         <name>.data</name>
         <load_address>0x200025b4</load_address>
         <run_address>0x200025b4</run_address>
         <size>0x8</size>
         <input_file_ref idref="fl-148"/>
      </object_component>
      <object_component id="oc-3fc">
         <name>.data</name>
         <load_address>0x200025a0</load_address>
         <run_address>0x200025a0</run_address>
         <size>0xc</size>
         <input_file_ref idref="fl-14a"/>
      </object_component>
      <object_component id="oc-67">
         <name>.data</name>
         <load_address>0x200025bc</load_address>
         <run_address>0x200025bc</run_address>
         <size>0x4</size>
         <input_file_ref idref="fl-14c"/>
      </object_component>
      <object_component id="oc-22a">
         <name>.data</name>
         <load_address>0x200025ac</load_address>
         <run_address>0x200025ac</run_address>
         <size>0x8</size>
         <input_file_ref idref="fl-152"/>
      </object_component>
      <object_component id="oc-19b">
         <name>.debug_info</name>
         <load_address>0x0</load_address>
         <run_address>0x0</run_address>
         <size>0x6f5</size>
         <input_file_ref idref="fl-2"/>
      </object_component>
      <object_component id="oc-9e">
         <name>.debug_info</name>
         <load_address>0x6f5</load_address>
         <run_address>0x6f5</run_address>
         <size>0x113</size>
         <input_file_ref idref="fl-2"/>
      </object_component>
      <object_component id="oc-ba">
         <name>.debug_info</name>
         <load_address>0x808</load_address>
         <run_address>0x808</run_address>
         <size>0x364</size>
         <input_file_ref idref="fl-2"/>
      </object_component>
      <object_component id="oc-80">
         <name>.debug_info</name>
         <load_address>0xb6c</load_address>
         <run_address>0xb6c</run_address>
         <size>0x84</size>
         <input_file_ref idref="fl-2"/>
      </object_component>
      <object_component id="oc-e7">
         <name>.debug_info</name>
         <load_address>0xbf0</load_address>
         <run_address>0xbf0</run_address>
         <size>0x116</size>
         <input_file_ref idref="fl-2"/>
      </object_component>
      <object_component id="oc-f6">
         <name>.debug_info</name>
         <load_address>0xd06</load_address>
         <run_address>0xd06</run_address>
         <size>0x1a5</size>
         <input_file_ref idref="fl-2"/>
      </object_component>
      <object_component id="oc-287">
         <name>.debug_info</name>
         <load_address>0xeab</load_address>
         <run_address>0xeab</run_address>
         <size>0x2a1</size>
         <input_file_ref idref="fl-2"/>
      </object_component>
      <object_component id="oc-1bf">
         <name>.debug_info</name>
         <load_address>0x114c</load_address>
         <run_address>0x114c</run_address>
         <size>0x237</size>
         <input_file_ref idref="fl-2"/>
      </object_component>
      <object_component id="oc-114">
         <name>.debug_info</name>
         <load_address>0x1383</load_address>
         <run_address>0x1383</run_address>
         <size>0x109</size>
         <input_file_ref idref="fl-2"/>
      </object_component>
      <object_component id="oc-1c4">
         <name>.debug_info</name>
         <load_address>0x148c</load_address>
         <run_address>0x148c</run_address>
         <size>0x24b</size>
         <input_file_ref idref="fl-2"/>
      </object_component>
      <object_component id="oc-28c">
         <name>.debug_info</name>
         <load_address>0x16d7</load_address>
         <run_address>0x16d7</run_address>
         <size>0x16d</size>
         <input_file_ref idref="fl-2"/>
      </object_component>
      <object_component id="oc-1ce">
         <name>.debug_info</name>
         <load_address>0x1844</load_address>
         <run_address>0x1844</run_address>
         <size>0x237</size>
         <input_file_ref idref="fl-2"/>
      </object_component>
      <object_component id="oc-282">
         <name>.debug_info</name>
         <load_address>0x1a7b</load_address>
         <run_address>0x1a7b</run_address>
         <size>0x267</size>
         <input_file_ref idref="fl-2"/>
      </object_component>
      <object_component id="oc-1c9">
         <name>.debug_info</name>
         <load_address>0x1ce2</load_address>
         <run_address>0x1ce2</run_address>
         <size>0x1b7</size>
         <input_file_ref idref="fl-2"/>
      </object_component>
      <object_component id="oc-c4">
         <name>.debug_info</name>
         <load_address>0x1e99</load_address>
         <run_address>0x1e99</run_address>
         <size>0x561</size>
         <input_file_ref idref="fl-2"/>
      </object_component>
      <object_component id="oc-1b0">
         <name>.debug_info</name>
         <load_address>0x23fa</load_address>
         <run_address>0x23fa</run_address>
         <size>0x14b</size>
         <input_file_ref idref="fl-2"/>
      </object_component>
      <object_component id="oc-1ab">
         <name>.debug_info</name>
         <load_address>0x2545</load_address>
         <run_address>0x2545</run_address>
         <size>0x12a</size>
         <input_file_ref idref="fl-2"/>
      </object_component>
      <object_component id="oc-1b5">
         <name>.debug_info</name>
         <load_address>0x266f</load_address>
         <run_address>0x266f</run_address>
         <size>0x10e</size>
         <input_file_ref idref="fl-2"/>
      </object_component>
      <object_component id="oc-1a1">
         <name>.debug_info</name>
         <load_address>0x277d</load_address>
         <run_address>0x277d</run_address>
         <size>0x18b</size>
         <input_file_ref idref="fl-2"/>
      </object_component>
      <object_component id="oc-ce">
         <name>.debug_info</name>
         <load_address>0x2908</load_address>
         <run_address>0x2908</run_address>
         <size>0xd5</size>
         <input_file_ref idref="fl-2"/>
      </object_component>
      <object_component id="oc-170">
         <name>.debug_info</name>
         <load_address>0x29dd</load_address>
         <run_address>0x29dd</run_address>
         <size>0x46</size>
         <input_file_ref idref="fl-2"/>
      </object_component>
      <object_component id="oc-1d3">
         <name>.debug_info</name>
         <load_address>0x2a23</load_address>
         <run_address>0x2a23</run_address>
         <size>0x2c</size>
         <input_file_ref idref="fl-2"/>
      </object_component>
      <object_component id="oc-c9">
         <name>.debug_info</name>
         <load_address>0x2a4f</load_address>
         <run_address>0x2a4f</run_address>
         <size>0x2c</size>
         <input_file_ref idref="fl-2"/>
      </object_component>
      <object_component id="oc-d8">
         <name>.debug_info</name>
         <load_address>0x2a7b</load_address>
         <run_address>0x2a7b</run_address>
         <size>0x4e</size>
         <input_file_ref idref="fl-2"/>
      </object_component>
      <object_component id="oc-19c">
         <name>.debug_info</name>
         <load_address>0x2ac9</load_address>
         <run_address>0x2ac9</run_address>
         <size>0xb5c</size>
         <input_file_ref idref="fl-2"/>
      </object_component>
      <object_component id="oc-1ba">
         <name>.debug_info</name>
         <load_address>0x3625</load_address>
         <run_address>0x3625</run_address>
         <size>0x9f</size>
         <input_file_ref idref="fl-2"/>
      </object_component>
      <object_component id="oc-1a6">
         <name>.debug_info</name>
         <load_address>0x36c4</load_address>
         <run_address>0x36c4</run_address>
         <size>0x69</size>
         <input_file_ref idref="fl-2"/>
      </object_component>
      <object_component id="oc-73">
         <name>.debug_info</name>
         <load_address>0x372d</load_address>
         <run_address>0x372d</run_address>
         <size>0x1e52</size>
         <input_file_ref idref="fl-6"/>
      </object_component>
      <object_component id="oc-2a1">
         <name>.debug_info</name>
         <load_address>0x557f</load_address>
         <run_address>0x557f</run_address>
         <size>0x127</size>
         <input_file_ref idref="fl-6"/>
      </object_component>
      <object_component id="oc-321">
         <name>.debug_info</name>
         <load_address>0x56a6</load_address>
         <run_address>0x56a6</run_address>
         <size>0x12b</size>
         <input_file_ref idref="fl-6"/>
      </object_component>
      <object_component id="oc-1f9">
         <name>.debug_info</name>
         <load_address>0x57d1</load_address>
         <run_address>0x57d1</run_address>
         <size>0x125</size>
         <input_file_ref idref="fl-6"/>
      </object_component>
      <object_component id="oc-1fc">
         <name>.debug_info</name>
         <load_address>0x58f6</load_address>
         <run_address>0x58f6</run_address>
         <size>0x135</size>
         <input_file_ref idref="fl-6"/>
      </object_component>
      <object_component id="oc-2a">
         <name>.debug_info</name>
         <load_address>0x5a2b</load_address>
         <run_address>0x5a2b</run_address>
         <size>0x173</size>
         <input_file_ref idref="fl-6"/>
      </object_component>
      <object_component id="oc-3b5">
         <name>.debug_info</name>
         <load_address>0x5b9e</load_address>
         <run_address>0x5b9e</run_address>
         <size>0x157</size>
         <input_file_ref idref="fl-6"/>
      </object_component>
      <object_component id="oc-3b2">
         <name>.debug_info</name>
         <load_address>0x5cf5</load_address>
         <run_address>0x5cf5</run_address>
         <size>0x159</size>
         <input_file_ref idref="fl-6"/>
      </object_component>
      <object_component id="oc-3b8">
         <name>.debug_info</name>
         <load_address>0x5e4e</load_address>
         <run_address>0x5e4e</run_address>
         <size>0x151</size>
         <input_file_ref idref="fl-6"/>
      </object_component>
      <object_component id="oc-3bb">
         <name>.debug_info</name>
         <load_address>0x5f9f</load_address>
         <run_address>0x5f9f</run_address>
         <size>0x143</size>
         <input_file_ref idref="fl-6"/>
      </object_component>
      <object_component id="oc-3af">
         <name>.debug_info</name>
         <load_address>0x60e2</load_address>
         <run_address>0x60e2</run_address>
         <size>0x169</size>
         <input_file_ref idref="fl-6"/>
      </object_component>
      <object_component id="oc-3f8">
         <name>.debug_info</name>
         <load_address>0x624b</load_address>
         <run_address>0x624b</run_address>
         <size>0x127</size>
         <input_file_ref idref="fl-6"/>
      </object_component>
      <object_component id="oc-42a">
         <name>.debug_info</name>
         <load_address>0x6372</load_address>
         <run_address>0x6372</run_address>
         <size>0x12f</size>
         <input_file_ref idref="fl-6"/>
      </object_component>
      <object_component id="oc-427">
         <name>.debug_info</name>
         <load_address>0x64a1</load_address>
         <run_address>0x64a1</run_address>
         <size>0x131</size>
         <input_file_ref idref="fl-6"/>
      </object_component>
      <object_component id="oc-42d">
         <name>.debug_info</name>
         <load_address>0x65d2</load_address>
         <run_address>0x65d2</run_address>
         <size>0x129</size>
         <input_file_ref idref="fl-6"/>
      </object_component>
      <object_component id="oc-433">
         <name>.debug_info</name>
         <load_address>0x66fb</load_address>
         <run_address>0x66fb</run_address>
         <size>0x11b</size>
         <input_file_ref idref="fl-6"/>
      </object_component>
      <object_component id="oc-430">
         <name>.debug_info</name>
         <load_address>0x6816</load_address>
         <run_address>0x6816</run_address>
         <size>0x12d</size>
         <input_file_ref idref="fl-6"/>
      </object_component>
      <object_component id="oc-14a">
         <name>.debug_info</name>
         <load_address>0x6943</load_address>
         <run_address>0x6943</run_address>
         <size>0x547</size>
         <input_file_ref idref="fl-6"/>
      </object_component>
      <object_component id="oc-62a">
         <name>.debug_info</name>
         <load_address>0x6e8a</load_address>
         <run_address>0x6e8a</run_address>
         <size>0x131</size>
         <input_file_ref idref="fl-6"/>
      </object_component>
      <object_component id="oc-627">
         <name>.debug_info</name>
         <load_address>0x6fbb</load_address>
         <run_address>0x6fbb</run_address>
         <size>0x133</size>
         <input_file_ref idref="fl-6"/>
      </object_component>
      <object_component id="oc-62d">
         <name>.debug_info</name>
         <load_address>0x70ee</load_address>
         <run_address>0x70ee</run_address>
         <size>0x12b</size>
         <input_file_ref idref="fl-6"/>
      </object_component>
      <object_component id="oc-624">
         <name>.debug_info</name>
         <load_address>0x7219</load_address>
         <run_address>0x7219</run_address>
         <size>0x133</size>
         <input_file_ref idref="fl-6"/>
      </object_component>
      <object_component id="oc-630">
         <name>.debug_info</name>
         <load_address>0x734c</load_address>
         <run_address>0x734c</run_address>
         <size>0x12b</size>
         <input_file_ref idref="fl-6"/>
      </object_component>
      <object_component id="oc-633">
         <name>.debug_info</name>
         <load_address>0x7477</load_address>
         <run_address>0x7477</run_address>
         <size>0x12d</size>
         <input_file_ref idref="fl-6"/>
      </object_component>
      <object_component id="oc-4ef">
         <name>.debug_info</name>
         <load_address>0x75a4</load_address>
         <run_address>0x75a4</run_address>
         <size>0x11b</size>
         <input_file_ref idref="fl-6"/>
      </object_component>
      <object_component id="oc-646">
         <name>.debug_info</name>
         <load_address>0x76bf</load_address>
         <run_address>0x76bf</run_address>
         <size>0x119</size>
         <input_file_ref idref="fl-6"/>
      </object_component>
      <object_component id="oc-441">
         <name>.debug_info</name>
         <load_address>0x77d8</load_address>
         <run_address>0x77d8</run_address>
         <size>0x115</size>
         <input_file_ref idref="fl-6"/>
      </object_component>
      <object_component id="oc-636">
         <name>.debug_info</name>
         <load_address>0x78ed</load_address>
         <run_address>0x78ed</run_address>
         <size>0x11b</size>
         <input_file_ref idref="fl-6"/>
      </object_component>
      <object_component id="oc-639">
         <name>.debug_info</name>
         <load_address>0x7a08</load_address>
         <run_address>0x7a08</run_address>
         <size>0x119</size>
         <input_file_ref idref="fl-6"/>
      </object_component>
      <object_component id="oc-44c">
         <name>.debug_info</name>
         <load_address>0x7b21</load_address>
         <run_address>0x7b21</run_address>
         <size>0x129</size>
         <input_file_ref idref="fl-6"/>
      </object_component>
      <object_component id="oc-344">
         <name>.debug_info</name>
         <load_address>0x7c4a</load_address>
         <run_address>0x7c4a</run_address>
         <size>0x135</size>
         <input_file_ref idref="fl-6"/>
      </object_component>
      <object_component id="oc-341">
         <name>.debug_info</name>
         <load_address>0x7d7f</load_address>
         <run_address>0x7d7f</run_address>
         <size>0x137</size>
         <input_file_ref idref="fl-6"/>
      </object_component>
      <object_component id="oc-347">
         <name>.debug_info</name>
         <load_address>0x7eb6</load_address>
         <run_address>0x7eb6</run_address>
         <size>0x12f</size>
         <input_file_ref idref="fl-6"/>
      </object_component>
      <object_component id="oc-33b">
         <name>.debug_info</name>
         <load_address>0x7fe5</load_address>
         <run_address>0x7fe5</run_address>
         <size>0x121</size>
         <input_file_ref idref="fl-6"/>
      </object_component>
      <object_component id="oc-43d">
         <name>.debug_info</name>
         <load_address>0x8106</load_address>
         <run_address>0x8106</run_address>
         <size>0x127</size>
         <input_file_ref idref="fl-6"/>
      </object_component>
      <object_component id="oc-338">
         <name>.debug_info</name>
         <load_address>0x822d</load_address>
         <run_address>0x822d</run_address>
         <size>0x121</size>
         <input_file_ref idref="fl-6"/>
      </object_component>
      <object_component id="oc-33e">
         <name>.debug_info</name>
         <load_address>0x834e</load_address>
         <run_address>0x834e</run_address>
         <size>0x11b</size>
         <input_file_ref idref="fl-6"/>
      </object_component>
      <object_component id="oc-34c">
         <name>.debug_info</name>
         <load_address>0x8469</load_address>
         <run_address>0x8469</run_address>
         <size>0x139</size>
         <input_file_ref idref="fl-6"/>
      </object_component>
      <object_component id="oc-621">
         <name>.debug_info</name>
         <load_address>0x85a2</load_address>
         <run_address>0x85a2</run_address>
         <size>0x113</size>
         <input_file_ref idref="fl-6"/>
      </object_component>
      <object_component id="oc-643">
         <name>.debug_info</name>
         <load_address>0x86b5</load_address>
         <run_address>0x86b5</run_address>
         <size>0x11f</size>
         <input_file_ref idref="fl-6"/>
      </object_component>
      <object_component id="oc-532">
         <name>.debug_info</name>
         <load_address>0x87d4</load_address>
         <run_address>0x87d4</run_address>
         <size>0x131</size>
         <input_file_ref idref="fl-6"/>
      </object_component>
      <object_component id="oc-1ea">
         <name>.debug_info</name>
         <load_address>0x8905</load_address>
         <run_address>0x8905</run_address>
[...]
         <value>0xe65</value>
         <object_component_ref idref="oc-351"/>
      </symbol>
      <symbol id="sm-52d">
         <name>xdc_runtime_Core_assignLabel__I</name>
         <value>0x1d39</value>
         <object_component_ref idref="oc-36e"/>
      </symbol>
      <symbol id="sm-53a">
         <name>xdc_runtime_Core_assignParams__I</name>
         <value>0x1b69</value>
         <object_component_ref idref="oc-41a"/>
      </symbol>
      <symbol id="sm-5c5">
         <name>xdc_runtime_Error_getSite__E</name>
         <value>0x219f</value>
         <object_component_ref idref="oc-6a0"/>
      </symbol>
      <symbol id="sm-5c6">
         <name>xdc_runtime_Error_raiseX__E</name>
         <value>0x1f25</value>
         <object_component_ref idref="oc-3ee"/>
      </symbol>
      <symbol id="sm-5c7">
         <name>xdc_runtime_Error_print__E</name>
         <value>0x1655</value>
         <object_component_ref idref="oc-673"/>
      </symbol>
      <symbol id="sm-5c8">
         <name>xdc_runtime_Error_init__E</name>
         <value>0x213d</value>
         <object_component_ref idref="oc-65e"/>
      </symbol>
      <symbol id="sm-5c9">
         <name>xdc_runtime_Error_check__E</name>
         <value>0x2031</value>
         <object_component_ref idref="oc-35d"/>
      </symbol>
      <symbol id="sm-5ca">
         <name>xdc_runtime_Error_policyDefault__E</name>
         <value>0xd4d</value>
         <object_component_ref idref="oc-5a1"/>
      </symbol>
      <symbol id="sm-5cb">
         <name>xdc_runtime_Error_setX__E</name>
         <value>0x1bf5</value>
         <object_component_ref idref="oc-61a"/>
      </symbol>
      <symbol id="sm-5e9">
         <name>xdc_runtime_Gate_leaveSystem__E</name>
         <value>0x20c5</value>
         <object_component_ref idref="oc-2e6"/>
      </symbol>
      <symbol id="sm-5ea">
         <name>xdc_runtime_Gate_enterSystem__E</name>
         <value>0x2149</value>
         <object_component_ref idref="oc-15b"/>
      </symbol>
      <symbol id="sm-609">
         <name>xdc_runtime_GateNull_enter__E</name>
         <value>0x21a3</value>
         <object_component_ref idref="oc-2dd"/>
      </symbol>
      <symbol id="sm-60a">
         <name>xdc_runtime_GateNull_leave__E</name>
         <value>0x1653</value>
         <object_component_ref idref="oc-489"/>
      </symbol>
      <symbol id="sm-671">
         <name>xdc_runtime_HeapStd_free__E</name>
         <value>0x1221</value>
         <object_component_ref idref="oc-2a9"/>
      </symbol>
      <symbol id="sm-672">
         <name>xdc_runtime_HeapStd_isBlocking__E</name>
         <value>0x21a7</value>
         <object_component_ref idref="oc-2af"/>
      </symbol>
      <symbol id="sm-673">
         <name>xdc_runtime_HeapStd_getStats__E</name>
         <value>0x2123</value>
         <object_component_ref idref="oc-2b5"/>
      </symbol>
      <symbol id="sm-674">
         <name>xdc_runtime_HeapStd_alloc__E</name>
         <value>0xc09</value>
         <object_component_ref idref="oc-2a3"/>
      </symbol>
      <symbol id="sm-675">
         <name>xdc_runtime_HeapStd_Instance_init__E</name>
         <value>0x1155</value>
         <object_component_ref idref="oc-357"/>
      </symbol>
      <symbol id="sm-6b9">
         <name>xdc_runtime_Memory_alloc__E</name>
         <value>0x16c1</value>
         <object_component_ref idref="oc-5ab"/>
      </symbol>
      <symbol id="sm-6ba">
         <name>xdc_runtime_Memory_free__E</name>
         <value>0x20d5</value>
         <object_component_ref idref="oc-444"/>
      </symbol>
      <symbol id="sm-6bb">
         <name>xdc_runtime_Memory_calloc__E</name>
         <value>0x2155</value>
         <object_component_ref idref="oc-420"/>
      </symbol>
      <symbol id="sm-6bc">
         <name>xdc_runtime_Memory_valloc__E</name>
         <value>0x1f5d</value>
         <object_component_ref idref="oc-4fa"/>
      </symbol>
      <symbol id="sm-6bd">
         <name>xdc_runtime_Memory_getMaxDefaultTypeAlign__E</name>
         <value>0x2161</value>
         <object_component_ref idref="oc-32b"/>
      </symbol>
      <symbol id="sm-6f8">
         <name>xdc_runtime_Startup_startMods__I</name>
         <value>0xf65</value>
         <object_component_ref idref="oc-299"/>
      </symbol>
      <symbol id="sm-6f9">
         <name>xdc_runtime_Startup_exec__E</name>
         <value>0x1a7d</value>
         <object_component_ref idref="oc-96"/>
      </symbol>
      <symbol id="sm-7c1">
         <name>xdc_runtime_System_abort__E</name>
         <value>0x1f95</value>
         <object_component_ref idref="oc-30f"/>
      </symbol>
      <symbol id="sm-7c2">
         <name>xdc_runtime_System_avprintf__E</name>
         <value>0x1e57</value>
         <object_component_ref idref="oc-6d8"/>
      </symbol>
      <symbol id="sm-7c3">
         <name>xdc_runtime_System_printf_va__F</name>
         <value>0x21b7</value>
         <object_component_ref idref="oc-20c"/>
      </symbol>
      <symbol id="sm-7c4">
         <name>xdc_runtime_System_processAtExit__E</name>
         <value>0x1dd1</value>
         <object_component_ref idref="oc-a5"/>
      </symbol>
      <symbol id="sm-7c5">
         <name>xdc_runtime_System_formatNum__I</name>
         <value>0x1869</value>
         <object_component_ref idref="oc-46d"/>
      </symbol>
      <symbol id="sm-7c6">
         <name>xdc_runtime_System_vprintf__E</name>
         <value>0x1e7d</value>
         <object_component_ref idref="oc-2d6"/>
      </symbol>
      <symbol id="sm-7c7">
         <name>xdc_runtime_System_aprintf_va__F</name>
         <value>0x21b3</value>
         <object_component_ref idref="oc-6be"/>
      </symbol>
      <symbol id="sm-7c8">
         <name>xdc_runtime_System_putchar__I</name>
         <value>0x1e2d</value>
         <object_component_ref idref="oc-473"/>
      </symbol>
      <symbol id="sm-7c9">
         <name>xdc_runtime_System_vsnprintf__E</name>
         <value>0x20f5</value>
         <object_component_ref idref="oc-698"/>
      </symbol>
      <symbol id="sm-7ca">
         <name>xdc_runtime_System_doPrint__I</name>
         <value>0x3e5</value>
         <object_component_ref idref="oc-37b"/>
      </symbol>
      <symbol id="sm-7cb">
         <name>xdc_runtime_System_exit__E</name>
         <value>0x2049</value>
         <object_component_ref idref="oc-61"/>
      </symbol>
      <symbol id="sm-7cc">
         <name>xdc_runtime_System_Module_startup__E</name>
         <value>0x2199</value>
         <object_component_ref idref="oc-4d6"/>
      </symbol>
      <symbol id="sm-827">
         <name>xdc_runtime_SysMin_exit__E</name>
         <value>0x1f79</value>
         <object_component_ref idref="oc-161"/>
      </symbol>
      <symbol id="sm-828">
         <name>xdc_runtime_SysMin_ready__E</name>
         <value>0x20e5</value>
         <object_component_ref idref="oc-375"/>
      </symbol>
      <symbol id="sm-829">
         <name>xdc_runtime_SysMin_flush__E</name>
         <value>0x1c39</value>
         <object_component_ref idref="oc-21d"/>
      </symbol>
      <symbol id="sm-82a">
         <name>xdc_runtime_SysMin_putch__E</name>
         <value>0x1d01</value>
         <object_component_ref idref="oc-4cb"/>
      </symbol>
      <symbol id="sm-82b">
         <name>xdc_runtime_SysMin_abort__E</name>
         <value>0x1da1</value>
         <object_component_ref idref="oc-3c4"/>
      </symbol>
      <symbol id="sm-82c">
         <name>xdc_runtime_SysMin_Module_startup__E</name>
         <value>0x1f05</value>
         <object_component_ref idref="oc-4dc"/>
      </symbol>
      <symbol id="sm-8b1">
         <name>xdc_runtime_Text_visitRope2__I</name>
         <value>0x1acd</value>
         <object_component_ref idref="oc-6d1"/>
      </symbol>
      <symbol id="sm-8b2">
         <name>xdc_runtime_Text_printVisFxn__I</name>
         <value>0x1d6d</value>
         <object_component_ref idref="oc-691"/>
      </symbol>
      <symbol id="sm-8b3">
         <name>xdc_runtime_Text_putSite__E</name>
         <value>0x14a5</value>
         <object_component_ref idref="oc-5f7"/>
      </symbol>
      <symbol id="sm-8b4">
         <name>xdc_runtime_Text_putMod__E</name>
         <value>0x1369</value>
         <object_component_ref idref="oc-64a"/>
      </symbol>
      <symbol id="sm-8b5">
         <name>xdc_runtime_Text_putLab__E</name>
         <value>0x18cd</value>
         <object_component_ref idref="oc-5f1"/>
      </symbol>
      <symbol id="sm-8b6">
         <name>xdc_runtime_Text_xprintf__I</name>
         <value>0x1c7d</value>
         <object_component_ref idref="oc-650"/>
      </symbol>
      <symbol id="sm-8b7">
         <name>xdc_runtime_Text_ropeText__E</name>
         <value>0x2061</value>
         <object_component_ref idref="oc-3e8"/>
      </symbol>
      <symbol id="sm-8b8">
         <name>xdc_runtime_Text_cordText__E</name>
         <value>0x1e01</value>
         <object_component_ref idref="oc-450"/>
      </symbol>
      <symbol id="sm-8c2">
         <name>__xdc__init</name>
         <value>0x218d</value>
         <object_component_ref idref="oc-204"/>
      </symbol>
      <symbol id="sm-8de">
         <name>xdc_runtime_Registry_findById__E</name>
         <value>0x1ee5</value>
         <object_component_ref idref="oc-682"/>
      </symbol>
      <symbol id="sm-8f3">
         <name>_c_int00</name>
         <value>0x1929</value>
         <object_component_ref idref="oc-24"/>
      </symbol>
      <symbol id="sm-8f4">
         <name>__stack</name>
         <value>0x20000000</value>
         <object_component_ref idref="oc-2c"/>
      </symbol>
      <symbol id="sm-919">
         <name>__TI_auto_init</name>
         <value>0x12c9</value>
         <object_component_ref idref="oc-56"/>
      </symbol>
      <symbol id="sm-92e">
         <name>_args_main</name>
         <value>0x2019</value>
         <object_component_ref idref="oc-5b"/>
      </symbol>
      <symbol id="sm-945">
         <name>__TI_decompress_none</name>
         <value>0x2115</value>
         <object_component_ref idref="oc-12"/>
      </symbol>
      <symbol id="sm-968">
         <name>__TI_decompress_rle24</name>
         <value>0x2193</value>
         <object_component_ref idref="oc-18"/>
      </symbol>
      <symbol id="sm-97a">
         <name>__TI_zero_init</name>
         <value>0x2131</value>
         <object_component_ref idref="oc-1e"/>
      </symbol>
      <symbol id="sm-999">
         <name>copy_in</name>
         <value>0x1b1d</value>
         <object_component_ref idref="oc-90"/>
      </symbol>
      <symbol id="sm-9b8">
         <name>C$$EXIT</name>
         <value>0x1bb1</value>
         <object_component_ref idref="oc-168"/>
      </symbol>
      <symbol id="sm-9b9">
         <name>abort</name>
         <value>0x1bb5</value>
         <object_component_ref idref="oc-168"/>
      </symbol>
      <symbol id="sm-9ba">
         <name>exit</name>
         <value>0x1bbd</value>
         <object_component_ref idref="oc-168"/>
      </symbol>
      <symbol id="sm-9bb">
         <name>__TI_dtors_ptr</name>
         <value>0x200025b8</value>
         <object_component_ref idref="oc-22d"/>
      </symbol>
      <symbol id="sm-9bc">
         <name>__TI_cleanup_ptr</name>
         <value>0x200025b4</value>
         <object_component_ref idref="oc-22d"/>
      </symbol>
      <symbol id="sm-9d7">
         <name>memcpy</name>
         <value>0x1409</value>
         <object_component_ref idref="oc-30"/>
      </symbol>
      <symbol id="sm-9d8">
         <name>__aeabi_memcpy</name>
         <value>0x1409</value>
         <object_component_ref idref="oc-30"/>
      </symbol>
      <symbol id="sm-9d9">
         <name>__aeabi_memcpy8</name>
         <value>0x1409</value>
         <object_component_ref idref="oc-30"/>
      </symbol>
      <symbol id="sm-9da">
         <name>__aeabi_memcpy4</name>
         <value>0x1409</value>
         <object_component_ref idref="oc-30"/>
      </symbol>
      <symbol id="sm-a51">
         <name>_sys_memory</name>
         <value>0x20001000</value>
         <object_component_ref idref="oc-2d"/>
      </symbol>
      <symbol id="sm-a52">
         <name>free</name>
         <value>0xff</value>
         <object_component_ref idref="oc-331"/>
      </symbol>
      <symbol id="sm-a53">
         <name>realloc</name>
         <value>0x1c1</value>
         <object_component_ref idref="oc-331"/>
      </symbol>
      <symbol id="sm-a54">
         <name>memalign</name>
         <value>0x2cd</value>
         <object_component_ref idref="oc-331"/>
      </symbol>
      <symbol id="sm-a55">
         <name>calloc</name>
         <value>0x3b1</value>
         <object_component_ref idref="oc-331"/>
      </symbol>
      <symbol id="sm-a56">
         <name>malloc</name>
         <value>0x97</value>
         <object_component_ref idref="oc-331"/>
      </symbol>
      <symbol id="sm-a57">
         <name>minit</name>
         <value>0x9</value>
         <object_component_ref idref="oc-331"/>
      </symbol>
      <symbol id="sm-a66">
         <name>__aeabi_memset</name>
         <value>0x15db</value>
         <object_component_ref idref="oc-49"/>
      </symbol>
      <symbol id="sm-a67">
         <name>memset</name>
         <value>0x15e1</value>
         <object_component_ref idref="oc-49"/>
      </symbol>
      <symbol id="sm-a68">
         <name>__aeabi_memset8</name>
         <value>0x15db</value>
         <object_component_ref idref="oc-49"/>
      </symbol>
      <symbol id="sm-a69">
         <name>__aeabi_memset4</name>
         <value>0x15db</value>
         <object_component_ref idref="oc-49"/>
      </symbol>
      <symbol id="sm-a6a">
         <name>__aeabi_memclr8</name>
         <value>0x15d9</value>
         <object_component_ref idref="oc-49"/>
      </symbol>
      <symbol id="sm-a6b">
         <name>__aeabi_memclr4</name>
         <value>0x15d9</value>
         <object_component_ref idref="oc-49"/>
      </symbol>
      <symbol id="sm-a6c">
         <name>__aeabi_memclr</name>
         <value>0x15d9</value>
         <object_component_ref idref="oc-49"/>
      </symbol>
      <symbol id="sm-a74">
         <name>main_func_sp</name>
         <value>0x200025bc</value>
         <object_component_ref idref="oc-67"/>
      </symbol>
      <symbol id="sm-a83">
         <name>strlen</name>
         <value>0x20a1</value>
         <object_component_ref idref="oc-467"/>
      </symbol>
      <symbol id="sm-aae">
         <name>HOSTgetenv</name>
         <value>0x947</value>
         <object_component_ref idref="oc-497"/>
      </symbol>
      <symbol id="sm-aaf">
         <name>HOSTrename</name>
         <value>0x7ef</value>
         <object_component_ref idref="oc-497"/>
      </symbol>
      <symbol id="sm-ab0">
         <name>HOSTclose</name>
         <value>0x985</value>
         <object_component_ref idref="oc-497"/>
      </symbol>
      <symbol id="sm-ab1">
         <name>HOSTunlink</name>
         <value>0x77d</value>
         <object_component_ref idref="oc-497"/>
      </symbol>
      <symbol id="sm-ab2">
         <name>HOSTlseek</name>
         <value>0x8eb</value>
         <object_component_ref idref="oc-497"/>
      </symbol>
      <symbol id="sm-ab3">
         <name>HOSTopen</name>
         <value>0x899</value>
         <object_component_ref idref="oc-497"/>
      </symbol>
      <symbol id="sm-ab4">
         <name>HOSTclock</name>
         <value>0x9bd</value>
         <object_component_ref idref="oc-497"/>
      </symbol>
      <symbol id="sm-ab5">
         <name>HOSTwrite</name>
         <value>0x731</value>
         <object_component_ref idref="oc-497"/>
      </symbol>
      <symbol id="sm-ab6">
         <name>HOSTread</name>
         <value>0x84d</value>
         <object_component_ref idref="oc-497"/>
      </symbol>
      <symbol id="sm-ab7">
         <name>HOSTtime</name>
         <value>0x7b5</value>
         <object_component_ref idref="oc-497"/>
      </symbol>
      <symbol id="sm-ad2">
         <name>__TI_readmsg</name>
         <value>0x17cb</value>
         <object_component_ref idref="oc-563"/>
      </symbol>
      <symbol id="sm-ad3">
         <name>C$$IO$$</name>
         <value>0x17c7</value>
         <object_component_ref idref="oc-563"/>
      </symbol>
      <symbol id="sm-ad4">
         <name>__CIOBUF_</name>
         <value>0x20002400</value>
         <object_component_ref idref="oc-5fe"/>
      </symbol>
      <symbol id="sm-ad5">
         <name>__TI_writemsg</name>
         <value>0x1799</value>
         <object_component_ref idref="oc-563"/>
      </symbol>
      <symbol id="sm-ae7">
         <name>__aeabi_uidivmod</name>
         <value>0x1cc1</value>
         <object_component_ref idref="oc-546"/>
      </symbol>
      <symbol id="sm-ae8">
         <name>__aeabi_uidiv</name>
         <value>0x1cc1</value>
         <object_component_ref idref="oc-546"/>
      </symbol>
      <symbol id="sm-b01">
         <name>_nop</name>
         <value>0x2087</value>
         <object_component_ref idref="oc-2f4"/>
      </symbol>
      <symbol id="sm-b02">
         <name>_lock</name>
         <value>0x200025ac</value>
         <object_component_ref idref="oc-22a"/>
      </symbol>
      <symbol id="sm-b03">
         <name>_unlock</name>
         <value>0x200025b0</value>
         <object_component_ref idref="oc-22a"/>
      </symbol>
      <symbol id="sm-b04">
         <name>_register_lock</name>
         <value>0x207f</value>
         <object_component_ref idref="oc-2f4"/>
      </symbol>
      <symbol id="sm-b05">
         <name>_register_unlock</name>
         <value>0x2079</value>
         <object_component_ref idref="oc-2f4"/>
      </symbol>
      <symbol id="sm-b0f">
         <name>__aeabi_idiv0</name>
         <value>0x153f</value>
         <object_component_ref idref="oc-5e8"/>
      </symbol>
      <symbol id="sm-b1d">
         <name>strcpy</name>
         <value>0x208d</value>
         <object_component_ref idref="oc-569"/>
      </symbol>
      <symbol id="sm-b1e">
         <name>__TI_static_base__</name>
         <value>0x2bf8</value>
      </symbol>
      <symbol id="sm-b21">
         <name>SHT$$INIT_ARRAY$$Base</name>
         <value>0x0</value>
      </symbol>
      <symbol id="sm-b22">
         <name>SHT$$INIT_ARRAY$$Limit</name>
         <value>0x0</value>
      </symbol>
      <symbol id="sm-b23">
         <name>xdc_runtime_System_SupportProxy_abort__E</name>
         <value>0x1da1</value>
      </symbol>
      <symbol id="sm-b24">
         <name>xdc_runtime_System_SupportProxy_exit__E</name>
         <value>0x1f79</value>
      </symbol>
      <symbol id="sm-b25">
         <name>xdc_runtime_System_SupportProxy_flush__E</name>
         <value>0x1c39</value>
      </symbol>
      <symbol id="sm-b26">
         <name>xdc_runtime_System_SupportProxy_putch__E</name>
         <value>0x1d01</value>
      </symbol>
      <symbol id="sm-b27">
         <name>xdc_runtime_System_SupportProxy_ready__E</name>
         <value>0x20e5</value>
      </symbol>
      <symbol id="sm-b28">
         <name>xdc_runtime_System_abortStd__E</name>
         <value>0x1bb5</value>
      </symbol>
      <symbol id="sm-b29">
         <name>xdc_runtime_System_exitStd__E</name>
         <value>0x1bbd</value>
      </symbol>
   </symbol_table>
   <title>Link successful</title>
</link_info>
