<?xml version="1.0"?>
<link_info>
   <banner>TI ARM Linker PC v5.2.5</banner>
   <copyright>Copyright (c) 1996-2015 Texas Instruments Incorporated</copyright>
   <link_time>0x5693e6a4</link_time>
   <link_errors>0x0</link_errors>
   <output_file>projector_clock.out</output_file>
   <entry_point>
      <name>_c_int00</name>
      <address>0x1929</address>
   </entry_point>
   <input_file_list>
      <input_file id="fl-2">
         <path>.\</path>
         <kind>object</kind>
         <file>main.obj</file>
         <name>main.obj</name>
      </input_file>
      <input_file id="fl-3">
         <path>.\source\</path>
         <kind>object</kind>
         <file>displayengine.obj</file>
         <name>displayengine.obj</name>
      </input_file>
      <input_file id="fl-6">
         <path>C:\Users\Sonu\git\projection_clock\projector_clock\Debug\configPkg\package\cfg\</path>
         <kind>object</kind>
         <file>projector_clock_pem4f.oem4f</file>
         <name>projector_clock_pem4f.oem4f</name>
      </input_file>
      <input_file id="fl-e">
         <path>C:\ti\bios_6_45_00_20\packages\ti\catalog\arm\cortexm4\tiva\ce\lib\</path>
         <kind>archive</kind>
         <file>Boot.aem4f</file>
         <name>Boot.oem4f</name>
      </input_file>
      <input_file id="fl-f">
         <path>C:\ti\bios_6_45_00_20\packages\ti\catalog\arm\cortexm4\tiva\ce\lib\</path>
         <kind>archive</kind>
         <file>Boot.aem4f</file>
         <name>Boot_sysctl.oem4f</name>
      </input_file>
      <input_file id="fl-10">
         <path>C:\ti\bios_6_45_00_20\packages\ti\targets\arm\rtsarm\lib\</path>
         <kind>archive</kind>
         <file>ti.targets.arm.rtsarm.aem4f</file>
         <name>Assert.oem4f</name>
      </input_file>
      <input_file id="fl-11">
         <path>C:\ti\bios_6_45_00_20\packages\ti\targets\arm\rtsarm\lib\</path>
         <kind>archive</kind>
         <file>ti.targets.arm.rtsarm.aem4f</file>
         <name>Core-mem.oem4f</name>
      </input_file>
      <input_file id="fl-12">
         <path>C:\ti\bios_6_45_00_20\packages\ti\targets\arm\rtsarm\lib\</path>
         <kind>archive</kind>
         <file>ti.targets.arm.rtsarm.aem4f</file>
         <name>Core-smem.oem4f</name>
      </input_file>
      <input_file id="fl-13">
         <path>C:\ti\bios_6_45_00_20\packages\ti\targets\arm\rtsarm\lib\</path>
         <kind>archive</kind>
         <file>ti.targets.arm.rtsarm.aem4f</file>
         <name>Core-label.oem4f</name>
      </input_file>
      <input_file id="fl-14">
         <path>C:\ti\bios_6_45_00_20\packages\ti\targets\arm\rtsarm\lib\</path>
         <kind>archive</kind>
         <file>ti.targets.arm.rtsarm.aem4f</file>
         <name>Core-params.oem4f</name>
      </input_file>
      <input_file id="fl-15">
         <path>C:\ti\bios_6_45_00_20\packages\ti\targets\arm\rtsarm\lib\</path>
         <kind>archive</kind>
         <file>ti.targets.arm.rtsarm.aem4f</file>
         <name>Error.oem4f</name>
      </input_file>
      <input_file id="fl-16">
         <path>C:\ti\bios_6_45_00_20\packages\ti\targets\arm\rtsarm\lib\</path>
         <kind>archive</kind>
         <file>ti.targets.arm.rtsarm.aem4f</file>
         <name>Gate.oem4f</name>
      </input_file>
      <input_file id="fl-17">
         <path>C:\ti\bios_6_45_00_20\packages\ti\targets\arm\rtsarm\lib\</path>
         <kind>archive</kind>
         <file>ti.targets.arm.rtsarm.aem4f</file>
         <name>GateNull.oem4f</name>
      </input_file>
      <input_file id="fl-18">
         <path>C:\ti\bios_6_45_00_20\packages\ti\targets\arm\rtsarm\lib\</path>
         <kind>archive</kind>
         <file>ti.targets.arm.rtsarm.aem4f</file>
         <name>HeapStd.oem4f</name>
      </input_file>
      <input_file id="fl-19">
         <path>C:\ti\bios_6_45_00_20\packages\ti\targets\arm\rtsarm\lib\</path>
         <kind>archive</kind>
         <file>ti.targets.arm.rtsarm.aem4f</file>
         <name>Memory.oem4f</name>
      </input_file>
      <input_file id="fl-1a">
         <path>C:\ti\bios_6_45_00_20\packages\ti\targets\arm\rtsarm\lib\</path>
         <kind>archive</kind>
         <file>ti.targets.arm.rtsarm.aem4f</file>
         <name>Startup.oem4f</name>
      </input_file>
      <input_file id="fl-1b">
         <path>C:\ti\bios_6_45_00_20\packages\ti\targets\arm\rtsarm\lib\</path>
         <kind>archive</kind>
         <file>ti.targets.arm.rtsarm.aem4f</file>
         <name>System.oem4f</name>
      </input_file>
      <input_file id="fl-1c">
         <path>C:\ti\bios_6_45_00_20\packages\ti\targets\arm\rtsarm\lib\</path>
         <kind>archive</kind>
         <file>ti.targets.arm.rtsarm.aem4f</file>
         <name>SysMin.oem4f</name>
      </input_file>
      <input_file id="fl-1d">
         <path>C:\ti\bios_6_45_00_20\packages\ti\targets\arm\rtsarm\lib\</path>
         <kind>archive</kind>
         <file>ti.targets.arm.rtsarm.aem4f</file>
         <name>Text.oem4f</name>
      </input_file>
      <input_file id="fl-1e">
         <path>C:\ti\bios_6_45_00_20\packages\ti\targets\arm\rtsarm\lib\</path>
         <kind>archive</kind>
         <file>ti.targets.arm.rtsarm.aem4f</file>
         <name>xdc_noinit.oem4f</name>
      </input_file>
      <input_file id="fl-1f">
         <path>C:\ti\bios_6_45_00_20\packages\ti\targets\arm\rtsarm\lib\</path>
         <kind>archive</kind>
         <file>ti.targets.arm.rtsarm.aem4f</file>
         <name>Registry.oem4f</name>
      </input_file>
      <input_file id="fl-20">
         <path>C:\ti\bios_6_45_00_20\packages\ti\targets\arm\rtsarm\lib\</path>
         <kind>archive</kind>
         <file>boot.aem4f</file>
         <name>boot.oem4f</name>
      </input_file>
      <input_file id="fl-21">
         <path>C:\ti\bios_6_45_00_20\packages\ti\targets\arm\rtsarm\lib\</path>
         <kind>archive</kind>
         <file>auto_init.aem4f</file>
         <name>auto_init.oem4f</name>
      </input_file>
      <input_file id="fl-143">
         <path>C:\ti\ccsv6\tools\compiler\ti-cgt-arm_5.2.5\lib\</path>
         <kind>archive</kind>
         <file>rtsv7M4_T_le_v4SPD16_eabi.lib</file>
         <name>args_main.obj</name>
      </input_file>
      <input_file id="fl-144">
         <path>C:\ti\ccsv6\tools\compiler\ti-cgt-arm_5.2.5\lib\</path>
         <kind>archive</kind>
         <file>rtsv7M4_T_le_v4SPD16_eabi.lib</file>
         <name>copy_decompress_none.obj</name>
      </input_file>
      <input_file id="fl-145">
         <path>C:\ti\ccsv6\tools\compiler\ti-cgt-arm_5.2.5\lib\</path>
         <kind>archive</kind>
         <file>rtsv7M4_T_le_v4SPD16_eabi.lib</file>
         <name>copy_decompress_rle.obj</name>
      </input_file>
      <input_file id="fl-146">
         <path>C:\ti\ccsv6\tools\compiler\ti-cgt-arm_5.2.5\lib\</path>
         <kind>archive</kind>
         <file>rtsv7M4_T_le_v4SPD16_eabi.lib</file>
         <name>copy_zero_init.obj</name>
      </input_file>
      <input_file id="fl-147">
         <path>C:\ti\ccsv6\tools\compiler\ti-cgt-arm_5.2.5\lib\</path>
         <kind>archive</kind>
         <file>rtsv7M4_T_le_v4SPD16_eabi.lib</file>
         <name>cpy_tbl.obj</name>
      </input_file>
      <input_file id="fl-148">
         <path>C:\ti\ccsv6\tools\compiler\ti-cgt-arm_5.2.5\lib\</path>
         <kind>archive</kind>
         <file>rtsv7M4_T_le_v4SPD16_eabi.lib</file>
         <name>exit.obj</name>
      </input_file>
      <input_file id="fl-149">
         <path>C:\ti\ccsv6\tools\compiler\ti-cgt-arm_5.2.5\lib\</path>
         <kind>archive</kind>
         <file>rtsv7M4_T_le_v4SPD16_eabi.lib</file>
         <name>memcpy_t2.obj</name>
      </input_file>
      <input_file id="fl-14a">
         <path>C:\ti\ccsv6\tools\compiler\ti-cgt-arm_5.2.5\lib\</path>
         <kind>archive</kind>
         <file>rtsv7M4_T_le_v4SPD16_eabi.lib</file>
         <name>memory.obj</name>
      </input_file>
      <input_file id="fl-14b">
         <path>C:\ti\ccsv6\tools\compiler\ti-cgt-arm_5.2.5\lib\</path>
         <kind>archive</kind>
         <file>rtsv7M4_T_le_v4SPD16_eabi.lib</file>
         <name>memset_t2.obj</name>
      </input_file>
      <input_file id="fl-14c">
         <path>C:\ti\ccsv6\tools\compiler\ti-cgt-arm_5.2.5\lib\</path>
         <kind>archive</kind>
         <file>rtsv7M4_T_le_v4SPD16_eabi.lib</file>
         <name>stkdepth_vars.obj</name>
      </input_file>
      <input_file id="fl-14d">
         <path>C:\ti\ccsv6\tools\compiler\ti-cgt-arm_5.2.5\lib\</path>
         <kind>archive</kind>
         <file>rtsv7M4_T_le_v4SPD16_eabi.lib</file>
         <name>strcmp.obj</name>
      </input_file>
      <input_file id="fl-14e">
         <path>C:\ti\ccsv6\tools\compiler\ti-cgt-arm_5.2.5\lib\</path>
         <kind>archive</kind>
         <file>rtsv7M4_T_le_v4SPD16_eabi.lib</file>
         <name>strlen.obj</name>
      </input_file>
      <input_file id="fl-14f">
         <path>C:\ti\ccsv6\tools\compiler\ti-cgt-arm_5.2.5\lib\</path>
         <kind>archive</kind>
         <file>rtsv7M4_T_le_v4SPD16_eabi.lib</file>
         <name>trgdrv.obj</name>
      </input_file>
      <input_file id="fl-150">
         <path>C:\ti\ccsv6\tools\compiler\ti-cgt-arm_5.2.5\lib\</path>
         <kind>archive</kind>
         <file>rtsv7M4_T_le_v4SPD16_eabi.lib</file>
         <name>trgmsg.obj</name>
      </input_file>
      <input_file id="fl-151">
         <path>C:\ti\ccsv6\tools\compiler\ti-cgt-arm_5.2.5\lib\</path>
         <kind>archive</kind>
         <file>rtsv7M4_T_le_v4SPD16_eabi.lib</file>
         <name>u_divt2.obj</name>
      </input_file>
      <input_file id="fl-152">
         <path>C:\ti\ccsv6\tools\compiler\ti-cgt-arm_5.2.5\lib\</path>
         <kind>archive</kind>
         <file>rtsv7M4_T_le_v4SPD16_eabi.lib</file>
         <name>_lock.obj</name>
      </input_file>
      <input_file id="fl-153">
         <path>C:\ti\ccsv6\tools\compiler\ti-cgt-arm_5.2.5\lib\</path>
         <kind>archive</kind>
         <file>rtsv7M4_T_le_v4SPD16_eabi.lib</file>
         <name>i_div0.obj</name>
      </input_file>
      <input_file id="fl-154">
         <path>C:\ti\ccsv6\tools\compiler\ti-cgt-arm_5.2.5\lib\</path>
         <kind>archive</kind>
         <file>rtsv7M4_T_le_v4SPD16_eabi.lib</file>
         <name>strcpy.obj</name>
      </input_file>
   </input_file_list>
   <object_component_list>
      <object_component id="oc-377">
         <name>.text</name>
         <load_address>0x8</load_address>
         <run_address>0x8</run_address>
         <size>0x3dc</size>
         <input_file_ref idref="fl-14a"/>
      </object_component>
      <object_component id="oc-3c1">
         <name>.text:xdc_runtime_System_doPrint__I</name>
         <load_address>0x3e4</load_address>
         <run_address>0x3e4</run_address>
         <size>0x34c</size>
         <input_file_ref idref="fl-1b"/>
      </object_component>
      <object_component id="oc-4dd">
         <name>.text</name>
         <load_address>0x730</load_address>
         <run_address>0x730</run_address>
         <size>0x2d4</size>
         <input_file_ref idref="fl-14f"/>
      </object_component>
      <object_component id="oc-3ee">
         <name>.text:ti_catalog_arm_cortexm4_tiva_ce_Boot_sysCtlClockFreqSetI__I</name>
         <load_address>0xa04</load_address>
         <run_address>0xa04</run_address>
         <size>0x204</size>
         <input_file_ref idref="fl-f"/>
      </object_component>
      <object_component id="oc-2c6">
         <name>.text:xdc_runtime_HeapStd_alloc__E</name>
         <load_address>0xc08</load_address>
         <run_address>0xc08</run_address>
         <size>0x144</size>
         <input_file_ref idref="fl-18"/>
      </object_component>
      <object_component id="oc-5e7">
         <name>.text:xdc_runtime_Error_policyDefault__E</name>
         <load_address>0xd4c</load_address>
         <run_address>0xd4c</run_address>
         <size>0x118</size>
         <input_file_ref idref="fl-15"/>
      </object_component>
      <object_component id="oc-397">
         <name>.text:xdc_runtime_Core_createObject__I</name>
         <load_address>0xe64</load_address>
         <run_address>0xe64</run_address>
         <size>0x100</size>
         <input_file_ref idref="fl-11"/>
      </object_component>
      <object_component id="oc-2bc">
         <name>.text:xdc_runtime_Startup_startMods__I</name>
         <load_address>0xf64</load_address>
         <run_address>0xf64</run_address>
         <size>0xf8</size>
         <input_file_ref idref="fl-1a"/>
      </object_component>
      <object_component id="oc-596">
         <name>.text:xdc_runtime_System_printfExtend__I</name>
         <load_address>0x105c</load_address>
         <run_address>0x105c</run_address>
         <size>0xf8</size>
         <input_file_ref idref="fl-6"/>
      </object_component>
      <object_component id="oc-39d">
         <name>.text:xdc_runtime_HeapStd_Instance_init__E</name>
         <load_address>0x1154</load_address>
         <run_address>0x1154</run_address>
         <size>0xcc</size>
         <input_file_ref idref="fl-18"/>
      </object_component>
      <object_component id="oc-2cc">
         <name>.text:xdc_runtime_HeapStd_free__E</name>
         <load_address>0x1220</load_address>
         <run_address>0x1220</run_address>
         <size>0xa8</size>
         <input_file_ref idref="fl-18"/>
      </object_component>
      <object_component id="oc-56">
         <name>.text</name>
         <load_address>0x12c8</load_address>
         <run_address>0x12c8</run_address>
         <size>0xa0</size>
         <input_file_ref idref="fl-21"/>
      </object_component>
      <object_component id="oc-690">
         <name>.text:xdc_runtime_Text_putMod__E</name>
         <load_address>0x1368</load_address>
         <run_address>0x1368</run_address>
         <size>0xa0</size>
         <input_file_ref idref="fl-1d"/>
      </object_component>
      <object_component id="oc-30">
         <name>.text</name>
         <load_address>0x1408</load_address>
         <run_address>0x1408</run_address>
         <size>0x9c</size>
         <input_file_ref idref="fl-149"/>
      </object_component>
      <object_component id="oc-63d">
         <name>.text:xdc_runtime_Text_putSite__E</name>
         <load_address>0x14a4</load_address>
         <run_address>0x14a4</run_address>
         <size>0x9a</size>
         <input_file_ref idref="fl-1d"/>
      </object_component>
      <object_component id="oc-62e">
         <name>.text</name>
         <load_address>0x153e</load_address>
         <run_address>0x153e</run_address>
         <size>0x2</size>
         <input_file_ref idref="fl-153"/>
      </object_component>
      <object_component id="oc-34e">
         <name>.text:ti_catalog_arm_cortexm4_tiva_ce_Boot_sysCtlClockFreqSet__E</name>
         <load_address>0x1540</load_address>
         <run_address>0x1540</run_address>
         <size>0x98</size>
         <input_file_ref idref="fl-e"/>
      </object_component>
      <object_component id="oc-49">
         <name>.text</name>
         <load_address>0x15d8</load_address>
         <run_address>0x15d8</run_address>
         <size>0x7a</size>
         <input_file_ref idref="fl-14b"/>
      </object_component>
      <object_component id="oc-4cf">
         <name>.text:xdc_runtime_GateNull_leave__E</name>
         <load_address>0x1652</load_address>
         <run_address>0x1652</run_address>
         <size>0x2</size>
         <input_file_ref idref="fl-17"/>
      </object_component>
      <object_component id="oc-6b9">
         <name>.text:xdc_runtime_Error_print__E</name>
         <load_address>0x1654</load_address>
         <run_address>0x1654</run_address>
         <size>0x6c</size>
         <input_file_ref idref="fl-15"/>
      </object_component>
      <object_component id="oc-5f1">
         <name>.text:xdc_runtime_Memory_alloc__E</name>
         <load_address>0x16c0</load_address>
         <run_address>0x16c0</run_address>
         <size>0x6c</size>
         <input_file_ref idref="fl-19"/>
      </object_component>
      <object_component id="oc-3c">
         <name>.text</name>
         <load_address>0x172c</load_address>
         <run_address>0x172c</run_address>
         <size>0x6a</size>
         <input_file_ref idref="fl-145"/>
      </object_component>
      <object_component id="oc-6a">
         <name>.text:xdc_runtime_Startup_reset__I</name>
         <load_address>0x1796</load_address>
         <run_address>0x1796</run_address>
         <size>0x2</size>
         <input_file_ref idref="fl-6"/>
      </object_component>
      <object_component id="oc-5a9">
         <name>.text</name>
         <load_address>0x1798</load_address>
         <run_address>0x1798</run_address>
         <size>0x68</size>
         <input_file_ref idref="fl-150"/>
      </object_component>
      <object_component id="oc-3a9">
         <name>.text:xdc_runtime_Core_deleteObject__I</name>
         <load_address>0x1800</load_address>
         <run_address>0x1800</run_address>
         <size>0x66</size>
         <input_file_ref idref="fl-11"/>
      </object_component>
      <object_component id="oc-4b3">
         <name>.text:xdc_runtime_System_formatNum__I</name>
         <load_address>0x1868</load_address>
         <run_address>0x1868</run_address>
         <size>0x64</size>
         <input_file_ref idref="fl-1b"/>
      </object_component>
      <object_component id="oc-637">
         <name>.text:xdc_runtime_Text_putLab__E</name>
         <load_address>0x18cc</load_address>
         <run_address>0x18cc</run_address>
         <size>0x5b</size>
         <input_file_ref idref="fl-1d"/>
      </object_component>
      <object_component id="oc-24">
         <name>.text</name>
         <load_address>0x1928</load_address>
         <run_address>0x1928</run_address>
         <size>0x58</size>
         <input_file_ref idref="fl-20"/>
      </object_component>
      <object_component id="oc-2de">
         <name>.text:xdc_runtime_HeapStd_Object__create__S</name>
         <load_address>0x1980</load_address>
         <run_address>0x1980</run_address>
         <size>0x58</size>
         <input_file_ref idref="fl-6"/>
      </object_component>
      <object_component id="oc-36b">
         <name>.text:xdc_runtime_Assert_raise__I</name>
         <load_address>0x19d8</load_address>
         <run_address>0x19d8</run_address>
         <size>0x54</size>
         <input_file_ref idref="fl-10"/>
      </object_component>
      <object_component id="oc-4ef">
         <name>.text:_SysCtlFrequencyGet</name>
         <load_address>0x1a2c</load_address>
         <run_address>0x1a2c</run_address>
         <size>0x50</size>
         <input_file_ref idref="fl-f"/>
      </object_component>
      <object_component id="oc-96">
         <name>.text:xdc_runtime_Startup_exec__E</name>
         <load_address>0x1a7c</load_address>
         <run_address>0x1a7c</run_address>
         <size>0x50</size>
         <input_file_ref idref="fl-1a"/>
      </object_component>
      <object_component id="oc-717">
         <name>.text:xdc_runtime_Text_visitRope2__I</name>
         <load_address>0x1acc</load_address>
         <run_address>0x1acc</run_address>
         <size>0x50</size>
         <input_file_ref idref="fl-1d"/>
      </object_component>
      <object_component id="oc-90">
         <name>.text</name>
         <load_address>0x1b1c</load_address>
         <run_address>0x1b1c</run_address>
         <size>0x4c</size>
         <input_file_ref idref="fl-147"/>
      </object_component>
      <object_component id="oc-460">
         <name>.text:xdc_runtime_Core_assignParams__I</name>
         <load_address>0x1b68</load_address>
         <run_address>0x1b68</run_address>
         <size>0x46</size>
         <input_file_ref idref="fl-14"/>
      </object_component>
      <object_component id="oc-168">
         <name>.text</name>
         <load_address>0x1bb0</load_address>
         <run_address>0x1bb0</run_address>
         <size>0x44</size>
         <input_file_ref idref="fl-148"/>
      </object_component>
      <object_component id="oc-660">
         <name>.text:xdc_runtime_Error_setX__E</name>
         <load_address>0x1bf4</load_address>
         <run_address>0x1bf4</run_address>
         <size>0x44</size>
         <input_file_ref idref="fl-15"/>
      </object_component>
      <object_component id="oc-21d">
         <name>.text:xdc_runtime_SysMin_flush__E</name>
         <load_address>0x1c38</load_address>
         <run_address>0x1c38</run_address>
         <size>0x44</size>
         <input_file_ref idref="fl-1c"/>
      </object_component>
      <object_component id="oc-696">
         <name>.text:xdc_runtime_Text_xprintf__I</name>
         <load_address>0x1c7c</load_address>
         <run_address>0x1c7c</run_address>
         <size>0x44</size>
         <input_file_ref idref="fl-1d"/>
      </object_component>
      <object_component id="oc-58c">
         <name>.text</name>
         <load_address>0x1cc0</load_address>
         <run_address>0x1cc0</run_address>
         <size>0x40</size>
         <input_file_ref idref="fl-151"/>
      </object_component>
      <object_component id="oc-511">
         <name>.text:xdc_runtime_SysMin_putch__E</name>
         <load_address>0x1d00</load_address>
         <run_address>0x1d00</run_address>
         <size>0x38</size>
         <input_file_ref idref="fl-1c"/>
      </object_component>
      <object_component id="oc-3b4">
         <name>.text:xdc_runtime_Core_assignLabel__I</name>
         <load_address>0x1d38</load_address>
         <run_address>0x1d38</run_address>
         <size>0x34</size>
         <input_file_ref idref="fl-13"/>
      </object_component>
      <object_component id="oc-6d7">
         <name>.text:xdc_runtime_Text_printVisFxn__I</name>
         <load_address>0x1d6c</load_address>
         <run_address>0x1d6c</run_address>
         <size>0x33</size>
         <input_file_ref idref="fl-1d"/>
      </object_component>
      <object_component id="oc-40a">
         <name>.text:xdc_runtime_SysMin_abort__E</name>
         <load_address>0x1da0</load_address>
         <run_address>0x1da0</run_address>
         <size>0x30</size>
         <input_file_ref idref="fl-1c"/>
      </object_component>
      <object_component id="oc-a5">
         <name>.text:xdc_runtime_System_processAtExit__E</name>
         <load_address>0x1dd0</load_address>
         <run_address>0x1dd0</run_address>
         <size>0x30</size>
         <input_file_ref idref="fl-1b"/>
      </object_component>
      <object_component id="oc-496">
         <name>.text:xdc_runtime_Text_cordText__E</name>
         <load_address>0x1e00</load_address>
         <run_address>0x1e00</run_address>
         <size>0x2c</size>
         <input_file_ref idref="fl-1d"/>
      </object_component>
      <object_component id="oc-4b9">
         <name>.text:xdc_runtime_System_putchar__I</name>
         <load_address>0x1e2c</load_address>
         <run_address>0x1e2c</run_address>
         <size>0x2a</size>
         <input_file_ref idref="fl-1b"/>
      </object_component>
      <object_component id="oc-71e">
         <name>.text:xdc_runtime_System_avprintf__E</name>
         <load_address>0x1e56</load_address>
         <run_address>0x1e56</run_address>
         <size>0x26</size>
         <input_file_ref idref="fl-1b"/>
      </object_component>
      <object_component id="oc-2f9">
         <name>.text:xdc_runtime_System_vprintf__E</name>
         <load_address>0x1e7c</load_address>
         <run_address>0x1e7c</run_address>
         <size>0x24</size>
         <input_file_ref idref="fl-1b"/>
      </object_component>
      <object_component id="oc-3d2">
         <name>.text:xdc_runtime_SysMin_output__I</name>
         <load_address>0x1ea0</load_address>
         <run_address>0x1ea0</run_address>
         <size>0x22</size>
         <input_file_ref idref="fl-6"/>
      </object_component>
      <object_component id="oc-4e9">
         <name>.text:_SysCtlMemTimingGet</name>
         <load_address>0x1ec4</load_address>
         <run_address>0x1ec4</run_address>
         <size>0x20</size>
         <input_file_ref idref="fl-f"/>
      </object_component>
      <object_component id="oc-6c8">
         <name>.text:xdc_runtime_Registry_findById__E</name>
         <load_address>0x1ee4</load_address>
         <run_address>0x1ee4</run_address>
         <size>0x20</size>
         <input_file_ref idref="fl-1f"/>
      </object_component>
      <object_component id="oc-522">
         <name>.text:xdc_runtime_SysMin_Module_startup__E</name>
         <load_address>0x1f04</load_address>
         <run_address>0x1f04</run_address>
         <size>0x20</size>
         <input_file_ref idref="fl-1c"/>
      </object_component>
      <object_component id="oc-434">
         <name>.text:xdc_runtime_Error_raiseX__E</name>
         <load_address>0x1f24</load_address>
         <run_address>0x1f24</run_address>
         <size>0x1c</size>
         <input_file_ref idref="fl-15"/>
      </object_component>
      <object_component id="oc-2e4">
         <name>.text:xdc_runtime_HeapStd_Object__delete__S</name>
         <load_address>0x1f40</load_address>
         <run_address>0x1f40</run_address>
         <size>0x1c</size>
         <input_file_ref idref="fl-6"/>
      </object_component>
      <object_component id="oc-540">
         <name>.text:xdc_runtime_Memory_valloc__E</name>
         <load_address>0x1f5c</load_address>
         <run_address>0x1f5c</run_address>
         <size>0x1c</size>
         <input_file_ref idref="fl-19"/>
      </object_component>
      <object_component id="oc-161">
         <name>.text:xdc_runtime_SysMin_exit__E</name>
         <load_address>0x1f78</load_address>
         <run_address>0x1f78</run_address>
         <size>0x1c</size>
         <input_file_ref idref="fl-1c"/>
      </object_component>
      <object_component id="oc-355">
         <name>.text:xdc_runtime_System_abort__E</name>
         <load_address>0x1f94</load_address>
         <run_address>0x1f94</run_address>
         <size>0x1c</size>
         <input_file_ref idref="fl-1b"/>
      </object_component>
      <object_component id="oc-9d">
         <name>.text</name>
         <load_address>0x1fb0</load_address>
         <run_address>0x1fb0</run_address>
         <size>0x1a</size>
         <input_file_ref idref="fl-2"/>
      </object_component>
      <object_component id="oc-2ea">
         <name>.text:xdc_runtime_HeapStd_Handle__label__S</name>
         <load_address>0x1fca</load_address>
         <run_address>0x1fca</run_address>
         <size>0x1a</size>
         <input_file_ref idref="fl-6"/>
      </object_component>
      <object_component id="oc-6ec">
         <name>.text:xdc_runtime_System_aprintf__E</name>
         <load_address>0x1fe4</load_address>
         <run_address>0x1fe4</run_address>
         <size>0x1a</size>
         <input_file_ref idref="fl-6"/>
      </object_component>
      <object_component id="oc-14d">
         <name>.text:xdc_runtime_System_printf__E</name>
         <load_address>0x1ffe</load_address>
         <run_address>0x1ffe</run_address>
         <size>0x1a</size>
         <input_file_ref idref="fl-6"/>
      </object_component>
      <object_component id="oc-5b">
         <name>.text</name>
         <load_address>0x2018</load_address>
         <run_address>0x2018</run_address>
         <size>0x18</size>
         <input_file_ref idref="fl-143"/>
      </object_component>
      <object_component id="oc-3a3">
         <name>.text:xdc_runtime_Error_check__E</name>
         <load_address>0x2030</load_address>
         <run_address>0x2030</run_address>
         <size>0x18</size>
         <input_file_ref idref="fl-15"/>
      </object_component>
      <object_component id="oc-61">
         <name>.text:xdc_runtime_System_exit__E</name>
         <load_address>0x2048</load_address>
         <run_address>0x2048</run_address>
         <size>0x18</size>
         <input_file_ref idref="fl-1b"/>
      </object_component>
      <object_component id="oc-42e">
         <name>.text:xdc_runtime_Text_ropeText__E</name>
         <load_address>0x2060</load_address>
         <run_address>0x2060</run_address>
         <size>0x18</size>
         <input_file_ref idref="fl-1d"/>
      </object_component>
      <object_component id="oc-317">
         <name>.text</name>
         <load_address>0x2078</load_address>
         <run_address>0x2078</run_address>
         <size>0x14</size>
         <input_file_ref idref="fl-152"/>
      </object_component>
      <object_component id="oc-5af">
         <name>.text</name>
         <load_address>0x208c</load_address>
         <run_address>0x208c</run_address>
         <size>0x14</size>
         <input_file_ref idref="fl-154"/>
      </object_component>
      <object_component id="oc-4ad">
         <name>.text</name>
         <load_address>0x20a0</load_address>
         <run_address>0x20a0</run_address>
         <size>0x14</size>
         <input_file_ref idref="fl-14e"/>
      </object_component>
      <object_component id="oc-2b4">
         <name>.text:.bootCodeSection:ti_catalog_arm_cortexm4_tiva_ce_Boot_init__I</name>
         <load_address>0x20b4</load_address>
         <run_address>0x20b4</run_address>
         <size>0x10</size>
         <input_file_ref idref="fl-6"/>
      </object_component>
      <object_component id="oc-309">
         <name>.text:xdc_runtime_Gate_leaveSystem__E</name>
         <load_address>0x20c4</load_address>
         <run_address>0x20c4</run_address>
         <size>0x10</size>
         <input_file_ref idref="fl-16"/>
      </object_component>
      <object_component id="oc-48a">
         <name>.text:xdc_runtime_Memory_free__E</name>
         <load_address>0x20d4</load_address>
         <run_address>0x20d4</run_address>
         <size>0x10</size>
         <input_file_ref idref="fl-19"/>
      </object_component>
      <object_component id="oc-3bb">
         <name>.text:xdc_runtime_SysMin_ready__E</name>
         <load_address>0x20e4</load_address>
         <run_address>0x20e4</run_address>
         <size>0x10</size>
         <input_file_ref idref="fl-1c"/>
      </object_component>
      <object_component id="oc-6de">
         <name>.text:xdc_runtime_System_vsnprintf__E</name>
         <load_address>0x20f4</load_address>
         <run_address>0x20f4</run_address>
         <size>0x10</size>
         <input_file_ref idref="fl-1b"/>
      </object_component>
      <object_component id="oc-6f9">
         <name>.text:xdc_runtime_Text_visitRope__I</name>
         <load_address>0x2104</load_address>
         <run_address>0x2104</run_address>
         <size>0x10</size>
         <input_file_ref idref="fl-6"/>
      </object_component>
      <object_component id="oc-12">
         <name>.text:decompress:none</name>
         <load_address>0x2114</load_address>
         <run_address>0x2114</run_address>
         <size>0xe</size>
         <input_file_ref idref="fl-144"/>
      </object_component>
      <object_component id="oc-2d8">
         <name>.text:xdc_runtime_HeapStd_getStats__E</name>
         <load_address>0x2122</load_address>
         <run_address>0x2122</run_address>
         <size>0xe</size>
         <input_file_ref idref="fl-18"/>
      </object_component>
      <object_component id="oc-1e">
         <name>.text:decompress:ZI</name>
         <load_address>0x2130</load_address>
         <run_address>0x2130</run_address>
         <size>0xc</size>
         <input_file_ref idref="fl-146"/>
      </object_component>
      <object_component id="oc-6a4">
         <name>.text:xdc_runtime_Error_init__E</name>
         <load_address>0x213c</load_address>
         <run_address>0x213c</run_address>
         <size>0xc</size>
         <input_file_ref idref="fl-15"/>
      </object_component>
      <object_component id="oc-15b">
         <name>.text:xdc_runtime_Gate_enterSystem__E</name>
         <load_address>0x2148</load_address>
         <run_address>0x2148</run_address>
         <size>0xc</size>
         <input_file_ref idref="fl-16"/>
      </object_component>
      <object_component id="oc-466">
         <name>.text:xdc_runtime_Memory_calloc__E</name>
         <load_address>0x2154</load_address>
         <run_address>0x2154</run_address>
         <size>0xc</size>
         <input_file_ref idref="fl-19"/>
      </object_component>
      <object_component id="oc-371">
         <name>.text:xdc_runtime_Memory_getMaxDefaultTypeAlign__E</name>
         <load_address>0x2160</load_address>
         <run_address>0x2160</run_address>
         <size>0xc</size>
         <input_file_ref idref="fl-19"/>
      </object_component>
      <object_component id="oc-1ee">
         <name>.text:xdc_runtime_Startup_exec__I</name>
         <load_address>0x216c</load_address>
         <run_address>0x216c</run_address>
         <size>0xc</size>
         <input_file_ref idref="fl-6"/>
      </object_component>
      <object_component id="oc-682">
         <name>.text:xdc_runtime_IHeap_alloc</name>
         <load_address>0x2178</load_address>
         <run_address>0x2178</run_address>
         <size>0xa</size>
         <input_file_ref idref="fl-6"/>
      </object_component>
      <object_component id="oc-571">
         <name>.text:xdc_runtime_IHeap_free</name>
         <load_address>0x2182</load_address>
         <run_address>0x2182</run_address>
         <size>0xa</size>
         <input_file_ref idref="fl-6"/>
      </object_component>
      <object_component id="oc-204">
         <name>.text:__xdc__init</name>
         <load_address>0x218c</load_address>
         <run_address>0x218c</run_address>
         <size>0x6</size>
         <input_file_ref idref="fl-1e"/>
      </object_component>
      <object_component id="oc-18">
         <name>.text:decompress:rle24</name>
         <load_address>0x2192</load_address>
         <run_address>0x2192</run_address>
         <size>0x6</size>
         <input_file_ref idref="fl-145"/>
      </object_component>
      <object_component id="oc-51c">
         <name>.text:xdc_runtime_System_Module_startup__E</name>
         <load_address>0x2198</load_address>
         <run_address>0x2198</run_address>
         <size>0x6</size>
         <input_file_ref idref="fl-1b"/>
      </object_component>
      <object_component id="oc-6e6">
         <name>.text:xdc_runtime_Error_getSite__E</name>
         <load_address>0x219e</load_address>
         <run_address>0x219e</run_address>
         <size>0x4</size>
         <input_file_ref idref="fl-15"/>
      </object_component>
      <object_component id="oc-300">
         <name>.text:xdc_runtime_GateNull_enter__E</name>
         <load_address>0x21a2</load_address>
         <run_address>0x21a2</run_address>
         <size>0x4</size>
         <input_file_ref idref="fl-17"/>
      </object_component>
      <object_component id="oc-2d2">
         <name>.text:xdc_runtime_HeapStd_isBlocking__E</name>
         <load_address>0x21a6</load_address>
         <run_address>0x21a6</run_address>
         <size>0x4</size>
         <input_file_ref idref="fl-18"/>
      </object_component>
      <object_component id="oc-213">
         <name>.text:xdc_runtime_System_Module_GateProxy_enter__E</name>
         <load_address>0x21aa</load_address>
         <run_address>0x21aa</run_address>
         <size>0x4</size>
         <input_file_ref idref="fl-6"/>
      </object_component>
      <object_component id="oc-3ca">
         <name>.text:xdc_runtime_System_Module_GateProxy_leave__E</name>
         <load_address>0x21ae</load_address>
         <run_address>0x21ae</run_address>
         <size>0x4</size>
         <input_file_ref idref="fl-6"/>
      </object_component>
      <object_component id="oc-704">
         <name>.text:xdc_runtime_System_aprintf_va__F</name>
         <load_address>0x21b2</load_address>
         <run_address>0x21b2</run_address>
         <size>0x4</size>
         <input_file_ref idref="fl-1b"/>
      </object_component>
      <object_component id="oc-20c">
         <name>.text:xdc_runtime_System_printf_va__F</name>
         <load_address>0x21b6</load_address>
         <run_address>0x21b6</run_address>
         <size>0x4</size>
         <input_file_ref idref="fl-1b"/>
      </object_component>
      <object_component id="oc-1fe">
         <name>.const:xdc_runtime_Text_charTab__A</name>
         <load_address>0x21bc</load_address>
         <run_address>0x21bc</run_address>
         <size>0x473</size>
         <input_file_ref idref="fl-6"/>
      </object_component>
      <object_component id="oc-486">
         <name>.const:xdc_runtime_Error_policy__C</name>
         <load_address>0x262f</load_address>
         <run_address>0x262f</run_address>
         <size>0x1</size>
         <input_file_ref idref="fl-6"/>
      </object_component>
      <object_component id="oc-4f8">
         <name>.const:g_pppui32XTALtoVCO</name>
         <load_address>0x2630</load_address>
         <run_address>0x2630</run_address>
         <size>0x120</size>
         <input_file_ref idref="fl-f"/>
      </object_component>
      <object_component id="oc-4f5">
         <name>.const:g_pui32Xtals</name>
         <load_address>0x2750</load_address>
         <run_address>0x2750</run_address>
         <size>0x6c</size>
         <input_file_ref idref="fl-f"/>
      </object_component>
      <object_component id="oc-201">
         <name>.const:xdc_runtime_Text_nodeTab__A</name>
         <load_address>0x27bc</load_address>
         <run_address>0x27bc</run_address>
         <size>0x60</size>
         <input_file_ref idref="fl-6"/>
      </object_component>
      <object_component id="oc-581">
         <name>.const:.string</name>
         <load_address>0x281c</load_address>
         <run_address>0x281c</run_address>
         <size>0x48</size>
         <input_file_ref idref="fl-6"/>
      </object_component>
      <object_component id="oc-5c3">
         <name>.const:g_sXTALtoMEMTIM</name>
         <load_address>0x2864</load_address>
         <run_address>0x2864</run_address>
         <size>0x30</size>
         <input_file_ref idref="fl-f"/>
      </object_component>
      <object_component id="oc-1f8">
         <name>.const:xdc_runtime_HeapStd_Module__FXNS__C</name>
         <load_address>0x2894</load_address>
         <run_address>0x2894</run_address>
         <size>0x28</size>
         <input_file_ref idref="fl-6"/>
      </object_component>
      <object_component id="oc-3af">
         <name>.const:xdc_runtime_HeapStd_Object__DESC__C</name>
         <load_address>0x28bc</load_address>
         <run_address>0x28bc</run_address>
         <size>0x20</size>
         <input_file_ref idref="fl-6"/>
      </object_component>
      <object_component id="oc-491">
         <name>.const:xdc_runtime_HeapStd_Object__PARAMS__C</name>
         <load_address>0x28dc</load_address>
         <run_address>0x28dc</run_address>
         <size>0x1c</size>
         <input_file_ref idref="fl-6"/>
      </object_component>
      <object_component id="oc-591">
         <name>.const:.string</name>
         <load_address>0x28f8</load_address>
         <run_address>0x28f8</run_address>
         <size>0x11</size>
         <input_file_ref idref="fl-1b"/>
      </object_component>
      <object_component id="oc-400">
         <name>.const:ti_catalog_arm_cortexm4_tiva_ce_Boot_Module__id__C</name>
         <load_address>0x290a</load_address>
         <run_address>0x290a</run_address>
         <size>0x2</size>
         <input_file_ref idref="fl-6"/>
      </object_component>
      <object_component id="oc-4fb">
         <name>.const</name>
         <load_address>0x290c</load_address>
         <run_address>0x290c</run_address>
         <size>0x8</size>
         <input_file_ref idref="fl-f"/>
      </object_component>
      <object_component id="oc-140">
         <name>.const:xdc_runtime_Startup_firstFxns__C</name>
         <load_address>0x2914</load_address>
         <run_address>0x2914</run_address>
         <size>0x8</size>
         <input_file_ref idref="fl-6"/>
      </object_component>
      <object_component id="oc-146">
         <name>.const:xdc_runtime_Startup_lastFxns__C</name>
         <load_address>0x291c</load_address>
         <run_address>0x291c</run_address>
         <size>0x8</size>
         <input_file_ref idref="fl-6"/>
      </object_component>
      <object_component id="oc-419">
         <name>.const:xdc_runtime_Startup_sfxnTab__A</name>
         <load_address>0x2924</load_address>
         <run_address>0x2924</run_address>
         <size>0x8</size>
         <input_file_ref idref="fl-6"/>
      </object_component>
      <object_component id="oc-3f4">
         <name>.const:ti_catalog_arm_cortexm4_tiva_ce_Boot_A_mustNotUseEnhancedClockMode__C</name>
         <load_address>0x292c</load_address>
         <run_address>0x292c</run_address>
         <size>0x4</size>
         <input_file_ref idref="fl-6"/>
      </object_component>
      <object_component id="oc-3fa">
         <name>.const:ti_catalog_arm_cortexm4_tiva_ce_Boot_Module__diagsEnabled__C</name>
         <load_address>0x2930</load_address>
         <run_address>0x2930</run_address>
         <size>0x4</size>
         <input_file_ref idref="fl-6"/>
      </object_component>
      <object_component id="oc-3f7">
         <name>.const:ti_catalog_arm_cortexm4_tiva_ce_Boot_Module__diagsIncluded__C</name>
         <load_address>0x2934</load_address>
         <run_address>0x2934</run_address>
         <size>0x4</size>
         <input_file_ref idref="fl-6"/>
      </object_component>
      <object_component id="oc-3fd">
         <name>.const:ti_catalog_arm_cortexm4_tiva_ce_Boot_Module__diagsMask__C</name>
         <load_address>0x2938</load_address>
         <run_address>0x2938</run_address>
         <size>0x4</size>
         <input_file_ref idref="fl-6"/>
      </object_component>
      <object_component id="oc-43d">
         <name>.const:xdc_runtime_Assert_E_assertFailed__C</name>
         <load_address>0x293c</load_address>
         <run_address>0x293c</run_address>
         <size>0x4</size>
         <input_file_ref idref="fl-6"/>
      </object_component>
      <object_component id="oc-475">
         <name>.const:xdc_runtime_Core_A_initializedParams__C</name>
         <load_address>0x2940</load_address>
         <run_address>0x2940</run_address>
         <size>0x4</size>
         <input_file_ref idref="fl-6"/>
      </object_component>
      <object_component id="oc-46f">
         <name>.const:xdc_runtime_Core_Module__diagsEnabled__C</name>
         <load_address>0x2944</load_address>
         <run_address>0x2944</run_address>
         <size>0x4</size>
         <input_file_ref idref="fl-6"/>
      </object_component>
      <object_component id="oc-46c">
         <name>.const:xdc_runtime_Core_Module__diagsIncluded__C</name>
         <load_address>0x2948</load_address>
         <run_address>0x2948</run_address>
         <size>0x4</size>
         <input_file_ref idref="fl-6"/>
      </object_component>
      <object_component id="oc-472">
         <name>.const:xdc_runtime_Core_Module__diagsMask__C</name>
         <load_address>0x294c</load_address>
         <run_address>0x294c</run_address>
         <size>0x4</size>
         <input_file_ref idref="fl-6"/>
      </object_component>
      <object_component id="oc-68b">
         <name>.const:xdc_runtime_Error_E_memory__C</name>
         <load_address>0x2950</load_address>
         <run_address>0x2950</run_address>
         <size>0x4</size>
         <input_file_ref idref="fl-6"/>
      </object_component>
      <object_component id="oc-66f">
         <name>.const:xdc_runtime_Error_Module__diagsEnabled__C</name>
         <load_address>0x2954</load_address>
         <run_address>0x2954</run_address>
         <size>0x4</size>
         <input_file_ref idref="fl-6"/>
      </object_component>
      <object_component id="oc-66c">
         <name>.const:xdc_runtime_Error_Module__diagsIncluded__C</name>
         <load_address>0x2958</load_address>
         <run_address>0x2958</run_address>
         <size>0x4</size>
         <input_file_ref idref="fl-6"/>
      </object_component>
      <object_component id="oc-672">
         <name>.const:xdc_runtime_Error_Module__diagsMask__C</name>
         <load_address>0x295c</load_address>
         <run_address>0x295c</run_address>
         <size>0x4</size>
         <input_file_ref idref="fl-6"/>
      </object_component>
      <object_component id="oc-678">
         <name>.const:xdc_runtime_Error_Module__loggerFxn8__C</name>
         <load_address>0x2960</load_address>
         <run_address>0x2960</run_address>
         <size>0x4</size>
         <input_file_ref idref="fl-6"/>
      </object_component>
      <object_component id="oc-675">
         <name>.const:xdc_runtime_Error_Module__loggerObj__C</name>
         <load_address>0x2964</load_address>
         <run_address>0x2964</run_address>
         <size>0x4</size>
         <input_file_ref idref="fl-6"/>
      </object_component>
      <object_component id="oc-534">
         <name>.const:xdc_runtime_Error_policyFxn__C</name>
         <load_address>0x2968</load_address>
         <run_address>0x2968</run_address>
         <size>0x4</size>
         <input_file_ref idref="fl-6"/>
      </object_component>
      <object_component id="oc-67b">
         <name>.const:xdc_runtime_Error_raiseHook__C</name>
         <load_address>0x296c</load_address>
         <run_address>0x296c</run_address>
         <size>0x4</size>
         <input_file_ref idref="fl-6"/>
      </object_component>
      <object_component id="oc-383">
         <name>.const:xdc_runtime_HeapStd_A_align__C</name>
         <load_address>0x2970</load_address>
         <run_address>0x2970</run_address>
         <size>0x4</size>
         <input_file_ref idref="fl-6"/>
      </object_component>
      <object_component id="oc-391">
         <name>.const:xdc_runtime_HeapStd_A_invalidTotalFreeSize__C</name>
         <load_address>0x2974</load_address>
         <run_address>0x2974</run_address>
         <size>0x4</size>
         <input_file_ref idref="fl-6"/>
      </object_component>
      <object_component id="oc-37d">
         <name>.const:xdc_runtime_HeapStd_A_zeroSize__C</name>
         <load_address>0x2978</load_address>
         <run_address>0x2978</run_address>
         <size>0x4</size>
         <input_file_ref idref="fl-6"/>
      </object_component>
      <object_component id="oc-482">
         <name>.const:xdc_runtime_HeapStd_E_noRTSMemory__C</name>
         <load_address>0x297c</load_address>
         <run_address>0x297c</run_address>
         <size>0x4</size>
         <input_file_ref idref="fl-6"/>
      </object_component>
      <object_component id="oc-389">
         <name>.const:xdc_runtime_HeapStd_Module__diagsEnabled__C</name>
         <load_address>0x2980</load_address>
         <run_address>0x2980</run_address>
         <size>0x4</size>
         <input_file_ref idref="fl-6"/>
      </object_component>
      <object_component id="oc-386">
         <name>.const:xdc_runtime_HeapStd_Module__diagsIncluded__C</name>
         <load_address>0x2984</load_address>
         <run_address>0x2984</run_address>
         <size>0x4</size>
         <input_file_ref idref="fl-6"/>
      </object_component>
      <object_component id="oc-38c">
         <name>.const:xdc_runtime_HeapStd_Module__diagsMask__C</name>
         <load_address>0x2988</load_address>
         <run_address>0x2988</run_address>
         <size>0x4</size>
         <input_file_ref idref="fl-6"/>
      </object_component>
      <object_component id="oc-2c3">
         <name>.const:xdc_runtime_IHeap_Interface__BASE__C</name>
         <load_address>0x298c</load_address>
         <run_address>0x298c</run_address>
         <size>0x4</size>
         <input_file_ref idref="fl-6"/>
      </object_component>
      <object_component id="oc-366">
         <name>.const:xdc_runtime_IModule_Interface__BASE__C</name>
         <load_address>0x2990</load_address>
         <run_address>0x2990</run_address>
         <size>0x4</size>
         <input_file_ref idref="fl-6"/>
      </object_component>
      <object_component id="oc-666">
         <name>.const:xdc_runtime_Log_L_error__C</name>
         <load_address>0x2994</load_address>
         <run_address>0x2994</run_address>
         <size>0x4</size>
         <input_file_ref idref="fl-6"/>
      </object_component>
      <object_component id="oc-577">
         <name>.const:xdc_runtime_Memory_defaultHeapInstance__C</name>
         <load_address>0x2998</load_address>
         <run_address>0x2998</run_address>
         <size>0x4</size>
         <input_file_ref idref="fl-6"/>
      </object_component>
      <object_component id="oc-143">
         <name>.const:xdc_runtime_Startup_execImpl__C</name>
         <load_address>0x299c</load_address>
         <run_address>0x299c</run_address>
         <size>0x4</size>
         <input_file_ref idref="fl-6"/>
      </object_component>
      <object_component id="oc-1e9">
         <name>.const:xdc_runtime_Startup_firstFxns__A</name>
         <load_address>0x29a0</load_address>
         <run_address>0x29a0</run_address>
         <size>0x4</size>
         <input_file_ref idref="fl-6"/>
      </object_component>
      <object_component id="oc-361">
         <name>.const:xdc_runtime_Startup_maxPasses__C</name>
         <load_address>0x29a4</load_address>
         <run_address>0x29a4</run_address>
         <size>0x4</size>
         <input_file_ref idref="fl-6"/>
      </object_component>
      <object_component id="oc-414">
         <name>.const:xdc_runtime_Startup_sfxnRts__A</name>
         <load_address>0x29a8</load_address>
         <run_address>0x29a8</run_address>
         <size>0x4</size>
         <input_file_ref idref="fl-6"/>
      </object_component>
      <object_component id="oc-35b">
         <name>.const:xdc_runtime_Startup_sfxnRts__C</name>
         <load_address>0x29ac</load_address>
         <run_address>0x29ac</run_address>
         <size>0x4</size>
         <input_file_ref idref="fl-6"/>
      </object_component>
      <object_component id="oc-35e">
         <name>.const:xdc_runtime_Startup_sfxnTab__C</name>
         <load_address>0x29b0</load_address>
         <run_address>0x29b0</run_address>
         <size>0x4</size>
         <input_file_ref idref="fl-6"/>
      </object_component>
      <object_component id="oc-226">
         <name>.const:xdc_runtime_SysMin_bufSize__C</name>
         <load_address>0x29b4</load_address>
         <run_address>0x29b4</run_address>
         <size>0x4</size>
         <input_file_ref idref="fl-6"/>
      </object_component>
      <object_component id="oc-30f">
         <name>.const:xdc_runtime_SysMin_outputFunc__C</name>
         <load_address>0x29b8</load_address>
         <run_address>0x29b8</run_address>
         <size>0x4</size>
         <input_file_ref idref="fl-6"/>
      </object_component>
      <object_component id="oc-219">
         <name>.const:xdc_runtime_System_Module__gateObj__C</name>
         <load_address>0x29bc</load_address>
         <run_address>0x29bc</run_address>
         <size>0x4</size>
         <input_file_ref idref="fl-6"/>
      </object_component>
      <object_component id="oc-410">
         <name>.const:xdc_runtime_System_abortFxn__C</name>
         <load_address>0x29c0</load_address>
         <run_address>0x29c0</run_address>
         <size>0x4</size>
         <input_file_ref idref="fl-6"/>
      </object_component>
      <object_component id="oc-ab">
         <name>.const:xdc_runtime_System_exitFxn__C</name>
         <load_address>0x29c4</load_address>
         <run_address>0x29c4</run_address>
         <size>0x4</size>
         <input_file_ref idref="fl-6"/>
      </object_component>
      <object_component id="oc-4bf">
         <name>.const:xdc_runtime_System_extendFxn__C</name>
         <load_address>0x29c8</load_address>
         <run_address>0x29c8</run_address>
         <size>0x4</size>
         <input_file_ref idref="fl-6"/>
      </object_component>
      <object_component id="oc-52a">
         <name>.const:xdc_runtime_Text_charTab__C</name>
         <load_address>0x29cc</load_address>
         <run_address>0x29cc</run_address>
         <size>0x4</size>
         <input_file_ref idref="fl-6"/>
      </object_component>
      <object_component id="oc-49f">
         <name>.const:xdc_runtime_Text_nameEmpty__C</name>
         <load_address>0x29d0</load_address>
         <run_address>0x29d0</run_address>
         <size>0x4</size>
         <input_file_ref idref="fl-6"/>
      </object_component>
      <object_component id="oc-4a2">
         <name>.const:xdc_runtime_Text_nameStatic__C</name>
         <load_address>0x29d4</load_address>
         <run_address>0x29d4</run_address>
         <size>0x4</size>
         <input_file_ref idref="fl-6"/>
      </object_component>
      <object_component id="oc-49c">
         <name>.const:xdc_runtime_Text_nameUnknown__C</name>
         <load_address>0x29d8</load_address>
         <run_address>0x29d8</run_address>
         <size>0x4</size>
         <input_file_ref idref="fl-6"/>
      </object_component>
      <object_component id="oc-725">
         <name>.const:xdc_runtime_Text_nodeTab__C</name>
         <load_address>0x29dc</load_address>
         <run_address>0x29dc</run_address>
         <size>0x4</size>
         <input_file_ref idref="fl-6"/>
      </object_component>
      <object_component id="oc-6d4">
         <name>.const:xdc_runtime_Text_visitRopeFxn__C</name>
         <load_address>0x29e0</load_address>
         <run_address>0x29e0</run_address>
         <size>0x4</size>
         <input_file_ref idref="fl-6"/>
      </object_component>
      <object_component id="oc-478">
         <name>.const:xdc_runtime_Core_Module__id__C</name>
         <load_address>0x29e4</load_address>
         <run_address>0x29e4</run_address>
         <size>0x2</size>
         <input_file_ref idref="fl-6"/>
      </object_component>
      <object_component id="oc-669">
         <name>.const:xdc_runtime_Error_Module__loggerDefined__C</name>
         <load_address>0x29e6</load_address>
         <run_address>0x29e6</run_address>
         <size>0x2</size>
         <input_file_ref idref="fl-6"/>
      </object_component>
      <object_component id="oc-67e">
         <name>.const:xdc_runtime_Error_maxDepth__C</name>
         <load_address>0x29e8</load_address>
         <run_address>0x29e8</run_address>
         <size>0x2</size>
         <input_file_ref idref="fl-6"/>
      </object_component>
      <object_component id="oc-380">
         <name>.const:xdc_runtime_HeapStd_Module__id__C</name>
         <load_address>0x29ea</load_address>
         <run_address>0x29ea</run_address>
         <size>0x2</size>
         <input_file_ref idref="fl-6"/>
      </object_component>
      <object_component id="oc-688">
         <name>.const:xdc_runtime_Memory_Module__id__C</name>
         <load_address>0x29ec</load_address>
         <run_address>0x29ec</run_address>
         <size>0x2</size>
         <input_file_ref idref="fl-6"/>
      </object_component>
      <object_component id="oc-223">
         <name>.const:xdc_runtime_SysMin_flushAtExit__C</name>
         <load_address>0x29ee</load_address>
         <run_address>0x29ee</run_address>
         <size>0x2</size>
         <input_file_ref idref="fl-6"/>
      </object_component>
      <object_component id="oc-57d">
         <name>.const:xdc_runtime_Text_charCnt__C</name>
         <load_address>0x29f0</load_address>
         <run_address>0x29f0</run_address>
         <size>0x2</size>
         <input_file_ref idref="fl-6"/>
      </object_component>
      <object_component id="oc-43a">
         <name>.const:xdc_runtime_Text_isLoaded__C</name>
         <load_address>0x29f2</load_address>
         <run_address>0x29f2</run_address>
         <size>0x2</size>
         <input_file_ref idref="fl-6"/>
      </object_component>
      <object_component id="oc-6ce">
         <name>.const:xdc_runtime_Text_registryModsLastId__C</name>
         <load_address>0x29f4</load_address>
         <run_address>0x29f4</run_address>
         <size>0x2</size>
         <input_file_ref idref="fl-6"/>
      </object_component>
      <object_component id="oc-6d1">
         <name>.const:xdc_runtime_Text_unnamedModsLastId__C</name>
         <load_address>0x29f6</load_address>
         <run_address>0x29f6</run_address>
         <size>0x2</size>
         <input_file_ref idref="fl-6"/>
      </object_component>
      <object_component id="oc-751">
         <name>.cinit..data.load</name>
         <load_address>0x2bf8</load_address>
         <run_address>0x2bf8</run_address>
         <size>0x5c</size>
      </object_component>
      <object_component id="oc-74f">
         <name>__TI_handler_table</name>
         <load_address>0x2c54</load_address>
         <run_address>0x2c54</run_address>
         <size>0xc</size>
      </object_component>
      <object_component id="oc-752">
         <name>.cinit..bss.load</name>
         <load_address>0x2c60</load_address>
         <run_address>0x2c60</run_address>
         <size>0x8</size>
      </object_component>
      <object_component id="oc-750">
         <name>__TI_cinit_table</name>
         <load_address>0x2c68</load_address>
         <run_address>0x2c68</run_address>
         <size>0x10</size>
      </object_component>
      <object_component id="oc-2d">
         <name>.sysmem</name>
         <uninitialized>true</uninitialized>
         <run_address>0x20001000</run_address>
         <size>0x8</size>
         <input_file_ref idref="fl-14a"/>
      </object_component>
      <object_component id="oc-754">
         <name>.sysmem</name>
         <uninitialized>true</uninitialized>
         <run_address>0x20001000</run_address>
         <size>0x0</size>
      </object_component>
      <object_component id="oc-2c">
         <name>.stack</name>
         <uninitialized>true</uninitialized>
         <run_address>0x20000000</run_address>
         <size>0x0</size>
         <input_file_ref idref="fl-20"/>
      </object_component>
      <object_component id="oc-753">
         <name>.stack</name>
         <uninitialized>true</uninitialized>
         <run_address>0x20000000</run_address>
         <size>0x0</size>
      </object_component>
      <object_component id="oc-55">
         <name>.bootVecs</name>
         <load_address>0x0</load_address>
         <run_address>0x0</run_address>
         <size>0x8</size>
         <input_file_ref idref="fl-20"/>
      </object_component>
      <object_component id="oc-29">
         <name>xdc.meta</name>
         <load_address>0x0</load_address>
         <run_address>0x0</run_address>
         <size>0xf5</size>
         <input_file_ref idref="fl-6"/>
      </object_component>
      <object_component id="oc-1fb">
         <name>.bss:xdc_runtime_SysMin_Module_State_0_outbuf__A</name>
         <uninitialized>true</uninitialized>
         <run_address>0x20002000</run_address>
         <size>0x400</size>
         <input_file_ref idref="fl-6"/>
      </object_component>
      <object_component id="oc-644">
         <name>.bss:__CIOBUF_</name>
         <uninitialized>true</uninitialized>
         <run_address>0x20002400</run_address>
         <size>0x120</size>
         <input_file_ref idref="fl-150"/>
      </object_component>
      <object_component id="oc-5b5">
         <name>.common:parmbuf</name>
         <uninitialized>true</uninitialized>
         <run_address>0x20002520</run_address>
         <size>0x8</size>
      </object_component>
      <object_component id="oc-149">
         <name>.data</name>
         <load_address>0x20002528</load_address>
         <run_address>0x20002528</run_address>
         <size>0x78</size>
         <input_file_ref idref="fl-6"/>
      </object_component>
      <object_component id="oc-22d">
         <name>.data</name>
         <load_address>0x200025b4</load_address>
         <run_address>0x200025b4</run_address>
         <size>0x8</size>
         <input_file_ref idref="fl-148"/>
      </object_component>
      <object_component id="oc-442">
         <name>.data</name>
         <load_address>0x200025a0</load_address>
         <run_address>0x200025a0</run_address>
         <size>0xc</size>
         <input_file_ref idref="fl-14a"/>
      </object_component>
      <object_component id="oc-67">
         <name>.data</name>
         <load_address>0x200025bc</load_address>
         <run_address>0x200025bc</run_address>
         <size>0x4</size>
         <input_file_ref idref="fl-14c"/>
      </object_component>
      <object_component id="oc-22a">
         <name>.data</name>
         <load_address>0x200025ac</load_address>
         <run_address>0x200025ac</run_address>
         <size>0x8</size>
         <input_file_ref idref="fl-152"/>
      </object_component>
      <object_component id="oc-19b">
         <name>.debug_info</name>
         <load_address>0x0</load_address>
         <run_address>0x0</run_address>
         <size>0xbff</size>
         <input_file_ref idref="fl-2"/>
      </object_component>
      <object_component id="oc-9e">
         <name>.debug_info</name>
         <load_address>0xbff</load_address>
         <run_address>0xbff</run_address>
         <size>0x119</size>
         <input_file_ref idref="fl-2"/>
      </object_component>
      <object_component id="oc-33a">
         <name>.debug_info</name>
         <load_address>0xd18</load_address>
         <run_address>0xd18</run_address>
         <size>0x4f2</size>
         <input_file_ref idref="fl-2"/>
      </object_component>
      <object_component id="oc-33f">
         <name>.debug_info</name>
         <load_address>0x120a</load_address>
         <run_address>0x120a</run_address>
         <size>0xa12</size>
         <input_file_ref idref="fl-2"/>
      </object_component>
      <object_component id="oc-ba">
         <name>.debug_info</name>
         <load_address>0x1c1c</load_address>
         <run_address>0x1c1c</run_address>
         <size>0x364</size>
         <input_file_ref idref="fl-2"/>
      </object_component>
      <object_component id="oc-80">
         <name>.debug_info</name>
         <load_address>0x1f80</load_address>
         <run_address>0x1f80</run_address>
         <size>0x84</size>
         <input_file_ref idref="fl-2"/>
      </object_component>
      <object_component id="oc-2a0">
         <name>.debug_info</name>
         <load_address>0x2004</load_address>
         <run_address>0x2004</run_address>
         <size>0x2e1</size>
         <input_file_ref idref="fl-2"/>
      </object_component>
      <object_component id="oc-32b">
         <name>.debug_info</name>
         <load_address>0x22e5</load_address>
         <run_address>0x22e5</run_address>
         <size>0x237</size>
         <input_file_ref idref="fl-2"/>
      </object_component>
      <object_component id="oc-330">
         <name>.debug_info</name>
         <load_address>0x251c</load_address>
         <run_address>0x251c</run_address>
         <size>0x3c6</size>
         <input_file_ref idref="fl-2"/>
      </object_component>
      <object_component id="oc-344">
         <name>.debug_info</name>
         <load_address>0x28e2</load_address>
         <run_address>0x28e2</run_address>
         <size>0x45f</size>
         <input_file_ref idref="fl-2"/>
      </object_component>
      <object_component id="oc-335">
         <name>.debug_info</name>
         <load_address>0x2d41</load_address>
         <run_address>0x2d41</run_address>
         <size>0x1e7</size>
         <input_file_ref idref="fl-2"/>
      </object_component>
      <object_component id="oc-349">
         <name>.debug_info</name>
         <load_address>0x2f28</load_address>
         <run_address>0x2f28</run_address>
         <size>0x1f2</size>
         <input_file_ref idref="fl-2"/>
      </object_component>
      <object_component id="oc-e7">
         <name>.debug_info</name>
         <load_address>0x311a</load_address>
         <run_address>0x311a</run_address>
         <size>0x116</size>
         <input_file_ref idref="fl-2"/>
      </object_component>
      <object_component id="oc-f6">
         <name>.debug_info</name>
         <load_address>0x3230</load_address>
         <run_address>0x3230</run_address>
         <size>0x1a5</size>
         <input_file_ref idref="fl-2"/>
      </object_component>
      <object_component id="oc-2aa">
         <name>.debug_info</name>
         <load_address>0x33d5</load_address>
         <run_address>0x33d5</run_address>
         <size>0x2a1</size>
         <input_file_ref idref="fl-2"/>
      </object_component>
      <object_component id="oc-10f">
         <name>.debug_info</name>
         <load_address>0x3676</load_address>
         <run_address>0x3676</run_address>
         <size>0x22a</size>
         <input_file_ref idref="fl-2"/>
      </object_component>
      <object_component id="oc-1bf">
         <name>.debug_info</name>
         <load_address>0x38a0</load_address>
         <run_address>0x38a0</run_address>
         <size>0x237</size>
         <input_file_ref idref="fl-2"/>
      </object_component>
      <object_component id="oc-114">
         <name>.debug_info</name>
         <load_address>0x3ad7</load_address>
         <run_address>0x3ad7</run_address>
         <size>0x109</size>
         <input_file_ref idref="fl-2"/>
      </object_component>
      <object_component id="oc-1c4">
         <name>.debug_info</name>
         <load_address>0x3be0</load_address>
         <run_address>0x3be0</run_address>
         <size>0x24b</size>
         <input_file_ref idref="fl-2"/>
      </object_component>
      <object_component id="oc-2af">
         <name>.debug_info</name>
         <load_address>0x3e2b</load_address>
         <run_address>0x3e2b</run_address>
         <size>0x16d</size>
         <input_file_ref idref="fl-2"/>
      </object_component>
      <object_component id="oc-1ce">
         <name>.debug_info</name>
         <load_address>0x3f98</load_address>
         <run_address>0x3f98</run_address>
         <size>0x237</size>
         <input_file_ref idref="fl-2"/>
      </object_component>
      <object_component id="oc-296">
         <name>.debug_info</name>
         <load_address>0x41cf</load_address>
         <run_address>0x41cf</run_address>
         <size>0x267</size>
         <input_file_ref idref="fl-2"/>
      </object_component>
      <object_component id="oc-1c9">
         <name>.debug_info</name>
         <load_address>0x4436</load_address>
         <run_address>0x4436</run_address>
         <size>0x1b7</size>
         <input_file_ref idref="fl-2"/>
      </object_component>
      <object_component id="oc-29b">
         <name>.debug_info</name>
         <load_address>0x45ed</load_address>
         <run_address>0x45ed</run_address>
         <size>0x30e</size>
         <input_file_ref idref="fl-2"/>
      </object_component>
      <object_component id="oc-c4">
         <name>.debug_info</name>
         <load_address>0x48fb</load_address>
         <run_address>0x48fb</run_address>
         <size>0x561</size>
         <input_file_ref idref="fl-2"/>
      </object_component>
      <object_component id="oc-282">
         <name>.debug_info</name>
         <load_address>0x4e5c</load_address>
         <run_address>0x4e5c</run_address>
         <size>0x13c</size>
         <input_file_ref idref="fl-2"/>
      </object_component>
      <object_component id="oc-1b0">
         <name>.debug_info</name>
         <load_address>0x4f98</load_address>
         <run_address>0x4f98</run_address>
         <size>0x14b</size>
         <input_file_ref idref="fl-2"/>
      </object_component>
      <object_component id="oc-28c">
         <name>.debug_info</name>
         <load_address>0x50e3</load_address>
         <run_address>0x50e3</run_address>
         <size>0x4b0</size>
         <input_file_ref idref="fl-2"/>
      </object_component>
      <object_component id="oc-1b5">
         <name>.debug_info</name>
         <load_address>0x5593</load_address>
         <run_address>0x5593</run_address>
         <size>0x10e</size>
         <input_file_ref idref="fl-2"/>
      </object_component>
      <object_component id="oc-1ab">
         <name>.debug_info</name>
         <load_address>0x56a1</load_address>
         <run_address>0x56a1</run_address>
         <size>0x12a</size>
         <input_file_ref idref="fl-2"/>
      </object_component>
      <object_component id="oc-1a1">
         <name>.debug_info</name>
         <load_address>0x57cb</load_address>
         <run_address>0x57cb</run_address>
         <size>0x18b</size>
         <input_file_ref idref="fl-2"/>
      </object_component>
      <object_component id="oc-ce">
         <name>.debug_info</name>
         <load_address>0x5956</load_address>
         <run_address>0x5956</run_address>
         <size>0xd5</size>
         <input_file_ref idref="fl-2"/>
      </object_component>
      <object_component id="oc-170">
         <name>.debug_info</name>
         <load_address>0x5a2b</load_address>
         <run_address>0x5a2b</run_address>
         <size>0x46</size>
         <input_file_ref idref="fl-2"/>
      </object_component>
      <object_component id="oc-1d3">
         <name>.debug_info</name>
         <load_address>0x5a71</load_address>
         <run_address>0x5a71</run_address>
         <size>0x2c</size>
         <input_file_ref idref="fl-2"/>
      </object_component>
      <object_component id="oc-c9">
         <name>.debug_info</name>
         <load_address>0x5a9d</load_address>
         <run_address>0x5a9d</run_address>
         <size>0x2c</size>
         <input_file_ref idref="fl-2"/>
      </object_component>
      <object_component id="oc-1d8">
         <name>.debug_info</name>
         <load_address>0x5ac9</load_address>
         <run_address>0x5ac9</run_address>
         <size>0x2c</size>
         <input_file_ref idref="fl-2"/>
      </object_component>
      <object_component id="oc-d8">
         <name>.debug_info</name>
         <load_address>0x5af5</load_address>
         <run_address>0x5af5</run_address>
         <size>0x4e</size>
         <input_file_ref idref="fl-2"/>
      </object_component>
      <object_component id="oc-287">
         <name>.debug_info</name>
         <load_address>0x5b43</load_address>
         <run_address>0x5b43</run_address>
         <size>0x76</size>
         <input_file_ref idref="fl-2"/>
      </object_component>
      <object_component id="oc-2a5">
         <name>.debug_info</name>
         <load_address>0x5bb9</load_address>
         <run_address>0x5bb9</run_address>
         <size>0x279</size>
         <input_file_ref idref="fl-2"/>
      </object_component>
      <object_component id="oc-291">
         <name>.debug_info</name>
         <load_address>0x5e32</load_address>
         <run_address>0x5e32</run_address>
         <size>0x468</size>
         <input_file_ref idref="fl-2"/>
      </object_component>
      <object_component id="oc-19c">
         <name>.debug_info</name>
         <load_address>0x629a</load_address>
         <run_address>0x629a</run_address>
         <size>0xb38</size>
         <input_file_ref idref="fl-2"/>
      </object_component>
      <object_component id="oc-1ba">
         <name>.debug_info</name>
         <load_address>0x6dd2</load_address>
         <run_address>0x6dd2</run_address>
         <size>0x9f</size>
         <input_file_ref idref="fl-2"/>
      </object_component>
      <object_component id="oc-1a6">
         <name>.debug_info</name>
         <load_address>0x6e71</load_address>
         <run_address>0x6e71</run_address>
         <size>0x69</size>
         <input_file_ref idref="fl-2"/>
      </object_component>
      <object_component id="oc-73">
         <name>.debug_info</name>
         <load_address>0x6eda</load_address>
         <run_address>0x6eda</run_address>
         <size>0x1e58</size>
         <input_file_ref idref="fl-6"/>
      </object_component>
      <object_component id="oc-2c4">
         <name>.debug_info</name>
         <load_address>0x8d32</load_address>
         <run_address>0x8d32</run_address>
         <size>0x12d</size>
         <input_file_ref idref="fl-6"/>
      </object_component>
      <object_component id="oc-367">
         <name>.debug_info</name>
         <load_address>0x8e5f</load_address>
         <run_address>0x8e5f</run_address>
         <size>0x131</size>
         <input_file_ref idref="fl-6"/>
      </object_component>
      <object_component id="oc-1f9">
         <name>.debug_info</name>
         <load_address>0x8f90</load_address>
         <run_address>0x8f90</run_address>
         <size>0x12b</size>
         <input_file_ref idref="fl-6"/>
      </object_component>
      <object_component id="oc-1fc">
         <name>.debug_info</name>
         <load_address>0x90bb</load_address>
         <run_address>0x90bb</run_address>
         <size>0x13b</size>
         <input_file_ref idref="fl-6"/>
      </object_component>
      <object_component id="oc-2a">
         <name>.debug_info</name>
         <load_address>0x91f6</load_address>
         <run_address>0x91f6</run_address>
         <size>0x179</size>
         <input_file_ref idref="fl-6"/>
      </object_component>
      <object_component id="oc-3fb">
         <name>.debug_info</name>
         <load_address>0x936f</load_address>
         <run_address>0x936f</run_address>
         <size>0x15d</size>
         <input_file_ref idref="fl-6"/>
      </object_component>
      <object_component id="oc-3f8">
         <name>.debug_info</name>
         <load_address>0x94cc</load_address>
         <run_address>0x94cc</run_address>
         <size>0x15f</size>
         <input_file_ref idref="fl-6"/>
      </object_component>
      <object_component id="oc-3fe">
         <name>.debug_info</name>
         <load_address>0x962b</load_address>
         <run_address>0x962b</run_address>
         <size>0x157</size>
         <input_file_ref idref="fl-6"/>
      </object_component>
      <object_component id="oc-401">
         <name>.debug_info</name>
         <load_address>0x9782</load_address>
         <run_address>0x9782</run_address>
         <size>0x149</size>
         <input_file_ref idref="fl-6"/>
      </object_component>
      <object_component id="oc-3f5">
         <name>.debug_info</name>
         <load_address>0x98cb</load_address>
         <run_address>0x98cb</run_address>
         <size>0x16f</size>
         <input_file_ref idref="fl-6"/>
      </object_component>
      <object_component id="oc-43e">
         <name>.debug_info</name>
         <load_address>0x9a3a</load_address>
         <run_address>0x9a3a</run_address>
         <size>0x12d</size>
         <input_file_ref idref="fl-6"/>
      </object_component>
      <object_component id="oc-470">
         <name>.debug_info</name>
         <load_address>0x9b67</load_address>
         <run_address>0x9b67</run_address>
         <size>0x135</size>
         <input_file_ref idref="fl-6"/>
      </object_component>
      <object_component id="oc-46d">
         <name>.debug_info</name>
         <load_address>0x9c9c</load_address>
         <run_address>0x9c9c</run_address>
         <size>0x137</size>
         <input_file_ref idref="fl-6"/>
      </object_component>
      <object_component id="oc-473">
         <name>.debug_info</name>
         <load_address>0x9dd3</load_address>
         <run_address>0x9dd3</run_address>
         <size>0x12f</size>
         <input_file_ref idref="fl-6"/>
      </object_component>
      <object_component id="oc-479">
         <name>.debug_info</name>
         <load_address>0x9f02</load_address>
         <run_address>0x9f02</run_address>
         <size>0x121</size>
         <input_file_ref idref="fl-6"/>
      </object_component>
      <object_component id="oc-476">
         <name>.debug_info</name>
         <load_address>0xa023</load_address>
         <run_address>0xa023</run_address>
         <size>0x133</size>
         <input_file_ref idref="fl-6"/>
      </object_component>
      <object_component id="oc-14a">
         <name>.debug_info</name>
         <load_address>0xa156</load_address>
         <run_address>0xa156</run_address>
         <size>0x54d</size>
         <input_file_ref idref="fl-6"/>
      </object_component>
      <object_component id="oc-670">
         <name>.debug_info</name>
         <load_address>0xa6a3</load_address>
         <run_address>0xa6a3</run_address>
         <size>0x137</size>
         <input_file_ref idref="fl-6"/>
      </object_component>
      <object_component id="oc-66d">
         <name>.debug_info</name>
         <load_address>0xa7da</load_address>
         <run_address>0xa7da</run_address>
         <size>0x139</size>
         <input_file_ref idref="fl-6"/>
      </object_component>
      <object_component id="oc-673">
         <name>.debug_info</name>
         <load_address>0xa913</load_address>
         <run_address>0xa913</run_address>
         <size>0x131</size>
         <input_file_ref idref="fl-6"/>
      </object_component>
      <object_component id="oc-66a">
         <name>.debug_info</name>
         <load_address>0xaa44</load_address>
         <run_address>0xaa44</run_address>
         <size>0x139</size>
         <input_file_ref idref="fl-6"/>
      </object_component>
      <object_component id="oc-676">
         <name>.debug_info</name>
         <load_address>0xab7d</load_address>
         <run_address>0xab7d</run_address>
         <size>0x131</size>
         <input_file_ref idref="fl-6"/>
      </object_component>
      <object_component id="oc-679">
         <name>.debug_info</name>
         <load_address>0xacae</load_address>
         <run_address>0xacae</run_address>
         <size>0x133</size>
         <input_file_ref idref="fl-6"/>
      </object_component>
      <object_component id="oc-535">
         <name>.debug_info</name>
         <load_address>0xade1</load_address>
         <run_address>0xade1</run_address>
         <size>0x121</size>
         <input_file_ref idref="fl-6"/>
      </object_component>
      <object_component id="oc-68c">
         <name>.debug_info</name>
         <load_address>0xaf02</load_address>
         <run_address>0xaf02</run_address>
[...]
         <value>0xe65</value>
         <object_component_ref idref="oc-397"/>
      </symbol>
      <symbol id="sm-573">
         <name>xdc_runtime_Core_assignLabel__I</name>
         <value>0x1d39</value>
         <object_component_ref idref="oc-3b4"/>
      </symbol>
      <symbol id="sm-580">
         <name>xdc_runtime_Core_assignParams__I</name>
         <value>0x1b69</value>
         <object_component_ref idref="oc-460"/>
      </symbol>
      <symbol id="sm-60b">
         <name>xdc_runtime_Error_getSite__E</name>
         <value>0x219f</value>
         <object_component_ref idref="oc-6e6"/>
      </symbol>
      <symbol id="sm-60c">
         <name>xdc_runtime_Error_raiseX__E</name>
         <value>0x1f25</value>
         <object_component_ref idref="oc-434"/>
      </symbol>
      <symbol id="sm-60d">
         <name>xdc_runtime_Error_print__E</name>
         <value>0x1655</value>
         <object_component_ref idref="oc-6b9"/>
      </symbol>
      <symbol id="sm-60e">
         <name>xdc_runtime_Error_init__E</name>
         <value>0x213d</value>
         <object_component_ref idref="oc-6a4"/>
      </symbol>
      <symbol id="sm-60f">
         <name>xdc_runtime_Error_check__E</name>
         <value>0x2031</value>
         <object_component_ref idref="oc-3a3"/>
      </symbol>
      <symbol id="sm-610">
         <name>xdc_runtime_Error_policyDefault__E</name>
         <value>0xd4d</value>
         <object_component_ref idref="oc-5e7"/>
      </symbol>
      <symbol id="sm-611">
         <name>xdc_runtime_Error_setX__E</name>
         <value>0x1bf5</value>
         <object_component_ref idref="oc-660"/>
      </symbol>
      <symbol id="sm-62f">
         <name>xdc_runtime_Gate_leaveSystem__E</name>
         <value>0x20c5</value>
         <object_component_ref idref="oc-309"/>
      </symbol>
      <symbol id="sm-630">
         <name>xdc_runtime_Gate_enterSystem__E</name>
         <value>0x2149</value>
         <object_component_ref idref="oc-15b"/>
      </symbol>
      <symbol id="sm-64f">
         <name>xdc_runtime_GateNull_enter__E</name>
         <value>0x21a3</value>
         <object_component_ref idref="oc-300"/>
      </symbol>
      <symbol id="sm-650">
         <name>xdc_runtime_GateNull_leave__E</name>
         <value>0x1653</value>
         <object_component_ref idref="oc-4cf"/>
      </symbol>
      <symbol id="sm-6b7">
         <name>xdc_runtime_HeapStd_free__E</name>
         <value>0x1221</value>
         <object_component_ref idref="oc-2cc"/>
      </symbol>
      <symbol id="sm-6b8">
         <name>xdc_runtime_HeapStd_isBlocking__E</name>
         <value>0x21a7</value>
         <object_component_ref idref="oc-2d2"/>
      </symbol>
      <symbol id="sm-6b9">
         <name>xdc_runtime_HeapStd_getStats__E</name>
         <value>0x2123</value>
         <object_component_ref idref="oc-2d8"/>
      </symbol>
      <symbol id="sm-6ba">
         <name>xdc_runtime_HeapStd_alloc__E</name>
         <value>0xc09</value>
         <object_component_ref idref="oc-2c6"/>
      </symbol>
      <symbol id="sm-6bb">
         <name>xdc_runtime_HeapStd_Instance_init__E</name>
         <value>0x1155</value>
         <object_component_ref idref="oc-39d"/>
      </symbol>
      <symbol id="sm-6ff">
         <name>xdc_runtime_Memory_alloc__E</name>
         <value>0x16c1</value>
         <object_component_ref idref="oc-5f1"/>
      </symbol>
      <symbol id="sm-700">
         <name>xdc_runtime_Memory_free__E</name>
         <value>0x20d5</value>
         <object_component_ref idref="oc-48a"/>
      </symbol>
      <symbol id="sm-701">
         <name>xdc_runtime_Memory_calloc__E</name>
         <value>0x2155</value>
         <object_component_ref idref="oc-466"/>
      </symbol>
      <symbol id="sm-702">
         <name>xdc_runtime_Memory_valloc__E</name>
         <value>0x1f5d</value>
         <object_component_ref idref="oc-540"/>
      </symbol>
      <symbol id="sm-703">
         <name>xdc_runtime_Memory_getMaxDefaultTypeAlign__E</name>
         <value>0x2161</value>
         <object_component_ref idref="oc-371"/>
      </symbol>
      <symbol id="sm-73e">
         <name>xdc_runtime_Startup_startMods__I</name>
         <value>0xf65</value>
         <object_component_ref idref="oc-2bc"/>
      </symbol>
      <symbol id="sm-73f">
         <name>xdc_runtime_Startup_exec__E</name>
         <value>0x1a7d</value>
         <object_component_ref idref="oc-96"/>
      </symbol>
      <symbol id="sm-807">
         <name>xdc_runtime_System_abort__E</name>
         <value>0x1f95</value>
         <object_component_ref idref="oc-355"/>
      </symbol>
      <symbol id="sm-808">
         <name>xdc_runtime_System_avprintf__E</name>
         <value>0x1e57</value>
         <object_component_ref idref="oc-71e"/>
      </symbol>
      <symbol id="sm-809">
         <name>xdc_runtime_System_printf_va__F</name>
         <value>0x21b7</value>
         <object_component_ref idref="oc-20c"/>
      </symbol>
      <symbol id="sm-80a">
         <name>xdc_runtime_System_processAtExit__E</name>
         <value>0x1dd1</value>
         <object_component_ref idref="oc-a5"/>
      </symbol>
      <symbol id="sm-80b">
         <name>xdc_runtime_System_formatNum__I</name>
         <value>0x1869</value>
         <object_component_ref idref="oc-4b3"/>
      </symbol>
      <symbol id="sm-80c">
         <name>xdc_runtime_System_vprintf__E</name>
         <value>0x1e7d</value>
         <object_component_ref idref="oc-2f9"/>
      </symbol>
      <symbol id="sm-80d">
         <name>xdc_runtime_System_aprintf_va__F</name>
         <value>0x21b3</value>
         <object_component_ref idref="oc-704"/>
      </symbol>
      <symbol id="sm-80e">
         <name>xdc_runtime_System_putchar__I</name>
         <value>0x1e2d</value>
         <object_component_ref idref="oc-4b9"/>
      </symbol>
      <symbol id="sm-80f">
         <name>xdc_runtime_System_vsnprintf__E</name>
         <value>0x20f5</value>
         <object_component_ref idref="oc-6de"/>
      </symbol>
      <symbol id="sm-810">
         <name>xdc_runtime_System_doPrint__I</name>
         <value>0x3e5</value>
         <object_component_ref idref="oc-3c1"/>
      </symbol>
      <symbol id="sm-811">
         <name>xdc_runtime_System_exit__E</name>
         <value>0x2049</value>
         <object_component_ref idref="oc-61"/>
      </symbol>
      <symbol id="sm-812">
         <name>xdc_runtime_System_Module_startup__E</name>
         <value>0x2199</value>
         <object_component_ref idref="oc-51c"/>
      </symbol>
      <symbol id="sm-86d">
         <name>xdc_runtime_SysMin_exit__E</name>
         <value>0x1f79</value>
         <object_component_ref idref="oc-161"/>
      </symbol>
      <symbol id="sm-86e">
         <name>xdc_runtime_SysMin_ready__E</name>
         <value>0x20e5</value>
         <object_component_ref idref="oc-3bb"/>
      </symbol>
      <symbol id="sm-86f">
         <name>xdc_runtime_SysMin_flush__E</name>
         <value>0x1c39</value>
         <object_component_ref idref="oc-21d"/>
      </symbol>
      <symbol id="sm-870">
         <name>xdc_runtime_SysMin_putch__E</name>
         <value>0x1d01</value>
         <object_component_ref idref="oc-511"/>
      </symbol>
      <symbol id="sm-871">
         <name>xdc_runtime_SysMin_abort__E</name>
         <value>0x1da1</value>
         <object_component_ref idref="oc-40a"/>
      </symbol>
      <symbol id="sm-872">
         <name>xdc_runtime_SysMin_Module_startup__E</name>
         <value>0x1f05</value>
         <object_component_ref idref="oc-522"/>
      </symbol>
      <symbol id="sm-8f7">
         <name>xdc_runtime_Text_visitRope2__I</name>
         <value>0x1acd</value>
         <object_component_ref idref="oc-717"/>
      </symbol>
      <symbol id="sm-8f8">
         <name>xdc_runtime_Text_printVisFxn__I</name>
         <value>0x1d6d</value>
         <object_component_ref idref="oc-6d7"/>
      </symbol>
      <symbol id="sm-8f9">
         <name>xdc_runtime_Text_putSite__E</name>
         <value>0x14a5</value>
         <object_component_ref idref="oc-63d"/>
      </symbol>
      <symbol id="sm-8fa">
         <name>xdc_runtime_Text_putMod__E</name>
         <value>0x1369</value>
         <object_component_ref idref="oc-690"/>
      </symbol>
      <symbol id="sm-8fb">
         <name>xdc_runtime_Text_putLab__E</name>
         <value>0x18cd</value>
         <object_component_ref idref="oc-637"/>
      </symbol>
      <symbol id="sm-8fc">
         <name>xdc_runtime_Text_xprintf__I</name>
         <value>0x1c7d</value>
         <object_component_ref idref="oc-696"/>
      </symbol>
      <symbol id="sm-8fd">
         <name>xdc_runtime_Text_ropeText__E</name>
         <value>0x2061</value>
         <object_component_ref idref="oc-42e"/>
      </symbol>
      <symbol id="sm-8fe">
         <name>xdc_runtime_Text_cordText__E</name>
         <value>0x1e01</value>
         <object_component_ref idref="oc-496"/>
      </symbol>
      <symbol id="sm-908">
         <name>__xdc__init</name>
         <value>0x218d</value>
         <object_component_ref idref="oc-204"/>
      </symbol>
      <symbol id="sm-924">
         <name>xdc_runtime_Registry_findById__E</name>
         <value>0x1ee5</value>
         <object_component_ref idref="oc-6c8"/>
      </symbol>
      <symbol id="sm-939">
         <name>_c_int00</name>
         <value>0x1929</value>
         <object_component_ref idref="oc-24"/>
      </symbol>
      <symbol id="sm-93a">
         <name>__stack</name>
         <value>0x20000000</value>
         <object_component_ref idref="oc-2c"/>
      </symbol>
      <symbol id="sm-95f">
         <name>__TI_auto_init</name>
         <value>0x12c9</value>
         <object_component_ref idref="oc-56"/>
      </symbol>
      <symbol id="sm-974">
         <name>_args_main</name>
         <value>0x2019</value>
         <object_component_ref idref="oc-5b"/>
      </symbol>
      <symbol id="sm-98b">
         <name>__TI_decompress_none</name>
         <value>0x2115</value>
         <object_component_ref idref="oc-12"/>
      </symbol>
      <symbol id="sm-9ae">
         <name>__TI_decompress_rle24</name>
         <value>0x2193</value>
         <object_component_ref idref="oc-18"/>
      </symbol>
      <symbol id="sm-9c0">
         <name>__TI_zero_init</name>
         <value>0x2131</value>
         <object_component_ref idref="oc-1e"/>
      </symbol>
      <symbol id="sm-9df">
         <name>copy_in</name>
         <value>0x1b1d</value>
         <object_component_ref idref="oc-90"/>
      </symbol>
      <symbol id="sm-9fe">
         <name>C$$EXIT</name>
         <value>0x1bb1</value>
         <object_component_ref idref="oc-168"/>
      </symbol>
      <symbol id="sm-9ff">
         <name>abort</name>
         <value>0x1bb5</value>
         <object_component_ref idref="oc-168"/>
      </symbol>
      <symbol id="sm-a00">
         <name>exit</name>
         <value>0x1bbd</value>
         <object_component_ref idref="oc-168"/>
      </symbol>
      <symbol id="sm-a01">
         <name>__TI_dtors_ptr</name>
         <value>0x200025b8</value>
         <object_component_ref idref="oc-22d"/>
      </symbol>
      <symbol id="sm-a02">
         <name>__TI_cleanup_ptr</name>
         <value>0x200025b4</value>
         <object_component_ref idref="oc-22d"/>
      </symbol>
      <symbol id="sm-a1d">
         <name>memcpy</name>
         <value>0x1409</value>
         <object_component_ref idref="oc-30"/>
      </symbol>
      <symbol id="sm-a1e">
         <name>__aeabi_memcpy</name>
         <value>0x1409</value>
         <object_component_ref idref="oc-30"/>
      </symbol>
      <symbol id="sm-a1f">
         <name>__aeabi_memcpy8</name>
         <value>0x1409</value>
         <object_component_ref idref="oc-30"/>
      </symbol>
      <symbol id="sm-a20">
         <name>__aeabi_memcpy4</name>
         <value>0x1409</value>
         <object_component_ref idref="oc-30"/>
      </symbol>
      <symbol id="sm-a97">
         <name>_sys_memory</name>
         <value>0x20001000</value>
         <object_component_ref idref="oc-2d"/>
      </symbol>
      <symbol id="sm-a98">
         <name>free</name>
         <value>0xff</value>
         <object_component_ref idref="oc-377"/>
      </symbol>
      <symbol id="sm-a99">
         <name>realloc</name>
         <value>0x1c1</value>
         <object_component_ref idref="oc-377"/>
      </symbol>
      <symbol id="sm-a9a">
         <name>memalign</name>
         <value>0x2cd</value>
         <object_component_ref idref="oc-377"/>
      </symbol>
      <symbol id="sm-a9b">
         <name>calloc</name>
         <value>0x3b1</value>
         <object_component_ref idref="oc-377"/>
      </symbol>
      <symbol id="sm-a9c">
         <name>malloc</name>
         <value>0x97</value>
         <object_component_ref idref="oc-377"/>
      </symbol>
      <symbol id="sm-a9d">
         <name>minit</name>
         <value>0x9</value>
         <object_component_ref idref="oc-377"/>
      </symbol>
      <symbol id="sm-aac">
         <name>__aeabi_memset</name>
         <value>0x15db</value>
         <object_component_ref idref="oc-49"/>
      </symbol>
      <symbol id="sm-aad">
         <name>memset</name>
         <value>0x15e1</value>
         <object_component_ref idref="oc-49"/>
      </symbol>
      <symbol id="sm-aae">
         <name>__aeabi_memset8</name>
         <value>0x15db</value>
         <object_component_ref idref="oc-49"/>
      </symbol>
      <symbol id="sm-aaf">
         <name>__aeabi_memset4</name>
         <value>0x15db</value>
         <object_component_ref idref="oc-49"/>
      </symbol>
      <symbol id="sm-ab0">
         <name>__aeabi_memclr8</name>
         <value>0x15d9</value>
         <object_component_ref idref="oc-49"/>
      </symbol>
      <symbol id="sm-ab1">
         <name>__aeabi_memclr4</name>
         <value>0x15d9</value>
         <object_component_ref idref="oc-49"/>
      </symbol>
      <symbol id="sm-ab2">
         <name>__aeabi_memclr</name>
         <value>0x15d9</value>
         <object_component_ref idref="oc-49"/>
      </symbol>
      <symbol id="sm-aba">
         <name>main_func_sp</name>
         <value>0x200025bc</value>
         <object_component_ref idref="oc-67"/>
      </symbol>
      <symbol id="sm-ac9">
         <name>strlen</name>
         <value>0x20a1</value>
         <object_component_ref idref="oc-4ad"/>
      </symbol>
      <symbol id="sm-af4">
         <name>HOSTgetenv</name>
         <value>0x947</value>
         <object_component_ref idref="oc-4dd"/>
      </symbol>
      <symbol id="sm-af5">
         <name>HOSTrename</name>
         <value>0x7ef</value>
         <object_component_ref idref="oc-4dd"/>
      </symbol>
      <symbol id="sm-af6">
         <name>HOSTclose</name>
         <value>0x985</value>
         <object_component_ref idref="oc-4dd"/>
      </symbol>
      <symbol id="sm-af7">
         <name>HOSTunlink</name>
         <value>0x77d</value>
         <object_component_ref idref="oc-4dd"/>
      </symbol>
      <symbol id="sm-af8">
         <name>HOSTlseek</name>
         <value>0x8eb</value>
         <object_component_ref idref="oc-4dd"/>
      </symbol>
      <symbol id="sm-af9">
         <name>HOSTopen</name>
         <value>0x899</value>
         <object_component_ref idref="oc-4dd"/>
      </symbol>
      <symbol id="sm-afa">
         <name>HOSTclock</name>
         <value>0x9bd</value>
         <object_component_ref idref="oc-4dd"/>
      </symbol>
      <symbol id="sm-afb">
         <name>HOSTwrite</name>
         <value>0x731</value>
         <object_component_ref idref="oc-4dd"/>
      </symbol>
      <symbol id="sm-afc">
         <name>HOSTread</name>
         <value>0x84d</value>
         <object_component_ref idref="oc-4dd"/>
      </symbol>
      <symbol id="sm-afd">
         <name>HOSTtime</name>
         <value>0x7b5</value>
         <object_component_ref idref="oc-4dd"/>
      </symbol>
      <symbol id="sm-b18">
         <name>__TI_readmsg</name>
         <value>0x17cb</value>
         <object_component_ref idref="oc-5a9"/>
      </symbol>
      <symbol id="sm-b19">
         <name>C$$IO$$</name>
         <value>0x17c7</value>
         <object_component_ref idref="oc-5a9"/>
      </symbol>
      <symbol id="sm-b1a">
         <name>__CIOBUF_</name>
         <value>0x20002400</value>
         <object_component_ref idref="oc-644"/>
      </symbol>
      <symbol id="sm-b1b">
         <name>__TI_writemsg</name>
         <value>0x1799</value>
         <object_component_ref idref="oc-5a9"/>
      </symbol>
      <symbol id="sm-b2d">
         <name>__aeabi_uidivmod</name>
         <value>0x1cc1</value>
         <object_component_ref idref="oc-58c"/>
      </symbol>
      <symbol id="sm-b2e">
         <name>__aeabi_uidiv</name>
         <value>0x1cc1</value>
         <object_component_ref idref="oc-58c"/>
      </symbol>
      <symbol id="sm-b47">
         <name>_nop</name>
         <value>0x2087</value>
         <object_component_ref idref="oc-317"/>
      </symbol>
      <symbol id="sm-b48">
         <name>_lock</name>
         <value>0x200025ac</value>
         <object_component_ref idref="oc-22a"/>
      </symbol>
      <symbol id="sm-b49">
         <name>_unlock</name>
         <value>0x200025b0</value>
         <object_component_ref idref="oc-22a"/>
      </symbol>
      <symbol id="sm-b4a">
         <name>_register_lock</name>
         <value>0x207f</value>
         <object_component_ref idref="oc-317"/>
      </symbol>
      <symbol id="sm-b4b">
         <name>_register_unlock</name>
         <value>0x2079</value>
         <object_component_ref idref="oc-317"/>
      </symbol>
      <symbol id="sm-b55">
         <name>__aeabi_idiv0</name>
         <value>0x153f</value>
         <object_component_ref idref="oc-62e"/>
      </symbol>
      <symbol id="sm-b63">
         <name>strcpy</name>
         <value>0x208d</value>
         <object_component_ref idref="oc-5af"/>
      </symbol>
      <symbol id="sm-b64">
         <name>__TI_static_base__</name>
         <value>0x2bf8</value>
      </symbol>
      <symbol id="sm-b67">
         <name>SHT$$INIT_ARRAY$$Base</name>
         <value>0x0</value>
      </symbol>
      <symbol id="sm-b68">
         <name>SHT$$INIT_ARRAY$$Limit</name>
         <value>0x0</value>
      </symbol>
      <symbol id="sm-b69">
         <name>xdc_runtime_System_SupportProxy_abort__E</name>
         <value>0x1da1</value>
      </symbol>
      <symbol id="sm-b6a">
         <name>xdc_runtime_System_SupportProxy_exit__E</name>
         <value>0x1f79</value>
      </symbol>
      <symbol id="sm-b6b">
         <name>xdc_runtime_System_SupportProxy_flush__E</name>
         <value>0x1c39</value>
      </symbol>
      <symbol id="sm-b6c">
         <name>xdc_runtime_System_SupportProxy_putch__E</name>
         <value>0x1d01</value>
      </symbol>
      <symbol id="sm-b6d">
         <name>xdc_runtime_System_SupportProxy_ready__E</name>
         <value>0x20e5</value>
      </symbol>
      <symbol id="sm-b6e">
         <name>xdc_runtime_System_abortStd__E</name>
         <value>0x1bb5</value>
      </symbol>
      <symbol id="sm-b6f">
         <name>xdc_runtime_System_exitStd__E</name>
         <value>0x1bbd</value>
      </symbol>
   </symbol_table>
   <title>Link successful</title>
</link_info>
